[INFO] Scanning for projects...
[INFO] 
[INFO] -----------------------< com.gullygram:backend >------------------------
[INFO] Building GullyGram 0.0.1-SNAPSHOT
[INFO]   from pom.xml
[INFO] --------------------------------[ jar ]---------------------------------
[INFO] 
[INFO] --- resources:3.3.1:resources (default-resources) @ backend ---
[INFO] Copying 3 resources from src/main/resources to target/classes
[INFO] Copying 16 resources from src/main/resources to target/classes
[INFO] 
[INFO] --- compiler:3.11.0:compile (default-compile) @ backend ---
[INFO] Nothing to compile - all classes are up to date
[INFO] 
[INFO] --- resources:3.3.1:testResources (default-testResources) @ backend ---
[INFO] skip non existing resourceDirectory /Users/rupeshsingh/Gullygram/src/test/resources
[INFO] 
[INFO] --- compiler:3.11.0:testCompile (default-testCompile) @ backend ---
[INFO] Nothing to compile - all classes are up to date
[INFO] 
[INFO] --- surefire:3.1.2:test (default-test) @ backend ---
[INFO] Using auto detected provider org.apache.maven.surefire.junitplatform.JUnitPlatformProvider
[INFO] 
[INFO] -------------------------------------------------------
[INFO]  T E S T S
[INFO] -------------------------------------------------------
[INFO] Running com.gullygram.backend.integration.KarmaIntegrationTest
12:43:41.950 [main] INFO org.springframework.test.context.support.AnnotationConfigContextLoaderUtils -- Could not detect default configuration classes for test class [com.gullygram.backend.integration.KarmaIntegrationTest]: KarmaIntegrationTest does not declare any static, non-private, non-final, nested classes annotated with @Configuration.
12:43:41.994 [main] INFO org.springframework.boot.test.context.SpringBootTestContextBootstrapper -- Found @SpringBootConfiguration com.gullygram.backend.GullyGramApplication for test class com.gullygram.backend.integration.KarmaIntegrationTest

  .   ____          _            __ _ _
 /\\ / ___'_ __ _ _(_)_ __  __ _ \ \ \ \
( ( )\___ | '_ | '_| | '_ \/ _` | \ \ \ \
 \\/  ___)| |_)| | | | | || (_| |  ) ) ) )
  '  |____| .__|_| |_|_| |_\__, | / / / /
 =========|_|==============|___/=/_/_/_/
 :: Spring Boot ::                (v3.2.5)

2026-02-08T12:43:42.126+05:30  INFO 14478 --- [GullyGram] [           main] c.g.b.integration.KarmaIntegrationTest   : Starting KarmaIntegrationTest using Java 21.0.7 with PID 14478 (started by rupeshsingh in /Users/rupeshsingh/Gullygram)
2026-02-08T12:43:42.126+05:30  INFO 14478 --- [GullyGram] [           main] c.g.b.integration.KarmaIntegrationTest   : No active profile set, falling back to 1 default profile: "default"
2026-02-08T12:43:42.421+05:30  INFO 14478 --- [GullyGram] [           main] .s.d.r.c.RepositoryConfigurationDelegate : Bootstrapping Spring Data JPA repositories in DEFAULT mode.
2026-02-08T12:43:42.457+05:30  INFO 14478 --- [GullyGram] [           main] .s.d.r.c.RepositoryConfigurationDelegate : Finished Spring Data repository scanning in 34 ms. Found 17 JPA repository interfaces.
2026-02-08T12:43:42.609+05:30  INFO 14478 --- [GullyGram] [           main] com.zaxxer.hikari.HikariDataSource       : HikariPool-1 - Starting...
2026-02-08T12:43:42.726+05:30  INFO 14478 --- [GullyGram] [           main] com.zaxxer.hikari.pool.HikariPool        : HikariPool-1 - Added connection org.postgresql.jdbc.PgConnection@39023dbf
2026-02-08T12:43:42.727+05:30  INFO 14478 --- [GullyGram] [           main] com.zaxxer.hikari.HikariDataSource       : HikariPool-1 - Start completed.
2026-02-08T12:43:42.759+05:30  INFO 14478 --- [GullyGram] [           main] o.f.c.internal.license.VersionPrinter    : Flyway Community Edition 9.22.3 by Redgate
2026-02-08T12:43:42.759+05:30  INFO 14478 --- [GullyGram] [           main] o.f.c.internal.license.VersionPrinter    : See release notes here: https://rd.gt/416ObMi
2026-02-08T12:43:42.759+05:30  INFO 14478 --- [GullyGram] [           main] o.f.c.internal.license.VersionPrinter    : 
2026-02-08T12:43:42.764+05:30  INFO 14478 --- [GullyGram] [           main] org.flywaydb.core.FlywayExecutor         : Database: jdbc:postgresql://localhost:5432/gullygram (PostgreSQL 15.4)
2026-02-08T12:43:42.814+05:30  INFO 14478 --- [GullyGram] [           main] o.f.core.internal.command.DbValidate     : Successfully validated 16 migrations (execution time 00:00.028s)
2026-02-08T12:43:42.860+05:30  INFO 14478 --- [GullyGram] [           main] o.f.core.internal.command.DbMigrate      : Current version of schema "public": 15
2026-02-08T12:43:42.860+05:30  WARN 14478 --- [GullyGram] [           main] o.f.core.internal.command.DbMigrate      : outOfOrder mode is active. Migration of schema "public" may not be reproducible.
2026-02-08T12:43:42.861+05:30  INFO 14478 --- [GullyGram] [           main] o.f.core.internal.command.DbMigrate      : Schema "public" is up to date. No migration necessary.
2026-02-08T12:43:42.899+05:30  INFO 14478 --- [GullyGram] [           main] o.hibernate.jpa.internal.util.LogHelper  : HHH000204: Processing PersistenceUnitInfo [name: default]
2026-02-08T12:43:42.919+05:30  INFO 14478 --- [GullyGram] [           main] org.hibernate.Version                    : HHH000412: Hibernate ORM core version 6.4.4.Final
2026-02-08T12:43:42.929+05:30  INFO 14478 --- [GullyGram] [           main] o.h.c.internal.RegionFactoryInitiator    : HHH000026: Second-level cache disabled
2026-02-08T12:43:42.998+05:30  INFO 14478 --- [GullyGram] [           main] o.s.o.j.p.SpringPersistenceUnitInfo      : No LoadTimeWeaver setup: ignoring JPA class transformer
2026-02-08T12:43:43.520+05:30  INFO 14478 --- [GullyGram] [           main] o.h.e.t.j.p.i.JtaPlatformInitiator       : HHH000489: No JTA platform available (set 'hibernate.transaction.jta.platform' to enable JTA platform integration)
2026-02-08T12:43:43.567+05:30  INFO 14478 --- [GullyGram] [           main] j.LocalContainerEntityManagerFactoryBean : Initialized JPA EntityManagerFactory for persistence unit 'default'
2026-02-08T12:43:43.664+05:30  INFO 14478 --- [GullyGram] [           main] o.s.d.j.r.query.QueryEnhancerFactory     : Hibernate is in classpath; If applicable, HQL parser will be used.
2026-02-08T12:43:44.384+05:30  WARN 14478 --- [GullyGram] [           main] .s.s.UserDetailsServiceAutoConfiguration : 

Using generated security password: 20cd24d6-c9df-4918-ba1a-f3f022e70e66

This generated password is for development use only. Your security configuration must be updated before running your application in production.

2026-02-08T12:43:44.496+05:30  INFO 14478 --- [GullyGram] [           main] o.s.s.web.DefaultSecurityFilterChain     : Will secure any request with [org.springframework.security.web.session.DisableEncodeUrlFilter@15e0b2f5, org.springframework.security.web.context.request.async.WebAsyncManagerIntegrationFilter@393830f3, org.springframework.security.web.context.SecurityContextHolderFilter@ef3a193, org.springframework.security.web.header.HeaderWriterFilter@1169382d, org.springframework.web.filter.CorsFilter@78c03d5d, org.springframework.security.web.authentication.logout.LogoutFilter@7bbbb64c, com.gullygram.backend.security.JwtAuthenticationFilter@4fae8455, org.springframework.security.web.savedrequest.RequestCacheAwareFilter@512e87d, org.springframework.security.web.servletapi.SecurityContextHolderAwareRequestFilter@3155bf62, org.springframework.security.web.authentication.AnonymousAuthenticationFilter@15a971fb, org.springframework.security.web.session.SessionManagementFilter@67939dd4, org.springframework.security.web.access.ExceptionTranslationFilter@19c20d72, org.springframework.security.web.access.intercept.AuthorizationFilter@385294de]
2026-02-08T12:43:44.617+05:30  INFO 14478 --- [GullyGram] [           main] o.s.b.t.m.w.SpringBootMockServletContext : Initializing Spring TestDispatcherServlet ''
2026-02-08T12:43:44.617+05:30  INFO 14478 --- [GullyGram] [           main] o.s.t.web.servlet.TestDispatcherServlet  : Initializing Servlet ''
2026-02-08T12:43:44.618+05:30  INFO 14478 --- [GullyGram] [           main] o.s.t.web.servlet.TestDispatcherServlet  : Completed initialization in 0 ms
2026-02-08T12:43:44.626+05:30  INFO 14478 --- [GullyGram] [           main] c.g.b.integration.KarmaIntegrationTest   : Started KarmaIntegrationTest in 2.591 seconds (process running for 2.905)
Java HotSpot(TM) 64-Bit Server VM warning: Sharing is only supported for boot loader classes because bootstrap classpath has been appended
WARNING: A Java agent has been loaded dynamically (/Users/rupeshsingh/.m2/repository/net/bytebuddy/byte-buddy-agent/1.14.13/byte-buddy-agent-1.14.13.jar)
WARNING: If a serviceability tool is in use, please run with -XX:+EnableDynamicAgentLoading to hide this warning
WARNING: If a serviceability tool is not in use, please run with -Djdk.instrument.traceUsage for more information
WARNING: Dynamic loading of agents will be disallowed by default in a future release
Hibernate: 
    select
        vc1_0.id,
        vc1_0.created_at,
        vc1_0.huddle_id,
        vc1_0.reviewee_id,
        vc1_0.reviewer_id,
        vc1_0.vibe_rating,
        vc1_0.vibe_tags 
    from
        vibe_checks vc1_0
Hibernate: 
    delete 
    from
        vibe_checks 
    where
        id=?
Hibernate: 
    select
        kt1_0.id,
        kt1_0.amount,
        kt1_0.created_at,
        kt1_0.source_id,
        kt1_0.source_type,
        kt1_0.user_id 
    from
        karma_transactions kt1_0
Hibernate: 
    delete 
    from
        karma_transactions 
    where
        id=?
Hibernate: 
    select
        h1_0.id,
        h1_0.created_at,
        h1_0.creator_id,
        h1_0.deleted_at,
        h1_0.description,
        h1_0.end_time,
        h1_0.gender_filter,
        h1_0.geohash,
        h1_0.lat,
        h1_0.location_name,
        h1_0.lon,
        h1_0.max_participants,
        h1_0.start_time,
        h1_0.status,
        h1_0.title,
        h1_0.updated_at 
    from
        huddle h1_0
Hibernate: 
    select
        p1_0.huddle_id,
        p1_0.id,
        p1_0.joined_at,
        p1_0.status,
        p1_0.user_id 
    from
        huddle_participant p1_0 
    where
        p1_0.huddle_id=?
Hibernate: 
    select
        u1_0.id,
        u1_0.account_type,
        u1_0.created_at,
        u1_0.email,
        u1_0.karma_score,
        u1_0.last_marketing_post_at,
        u1_0.marketing_category,
        u1_0.password_hash,
        u1_0.phone,
        u1_0.status,
        u1_0.updated_at 
    from
        users u1_0 
    where
        u1_0.id=?
Hibernate: 
    select
        up1_0.user_id,
        up1_0.alias,
        up1_0.avatar_url_alias,
        up1_0.avatar_url_real,
        up1_0.bio,
        up1_0.created_at,
        up1_0.default_radius_km,
        up1_0.dob,
        up1_0.home_geohash,
        up1_0.home_lat,
        up1_0.home_lon,
        up1_0.last_seen_at,
        up1_0.last_seen_lat,
        up1_0.last_seen_lon,
        up1_0.real_name,
        up1_0.trust_level,
        up1_0.trust_score,
        up1_0.updated_at,
        u1_0.id,
        u1_0.account_type,
        u1_0.created_at,
        u1_0.email,
        u1_0.karma_score,
        u1_0.last_marketing_post_at,
        u1_0.marketing_category,
        u1_0.password_hash,
        u1_0.phone,
        u1_0.status,
        u1_0.updated_at 
    from
        user_profile up1_0 
    join
        users u1_0 
            on u1_0.id=up1_0.user_id 
    where
        up1_0.user_id=?
Hibernate: 
    select
        u1_0.id,
        u1_0.account_type,
        u1_0.created_at,
        u1_0.email,
        u1_0.karma_score,
        u1_0.last_marketing_post_at,
        u1_0.marketing_category,
        u1_0.password_hash,
        u1_0.phone,
        u1_0.status,
        u1_0.updated_at 
    from
        users u1_0 
    where
        u1_0.id=?
Hibernate: 
    select
        up1_0.user_id,
        up1_0.alias,
        up1_0.avatar_url_alias,
        up1_0.avatar_url_real,
        up1_0.bio,
        up1_0.created_at,
        up1_0.default_radius_km,
        up1_0.dob,
        up1_0.home_geohash,
        up1_0.home_lat,
        up1_0.home_lon,
        up1_0.last_seen_at,
        up1_0.last_seen_lat,
        up1_0.last_seen_lon,
        up1_0.real_name,
        up1_0.trust_level,
        up1_0.trust_score,
        up1_0.updated_at,
        u1_0.id,
        u1_0.account_type,
        u1_0.created_at,
        u1_0.email,
        u1_0.karma_score,
        u1_0.last_marketing_post_at,
        u1_0.marketing_category,
        u1_0.password_hash,
        u1_0.phone,
        u1_0.status,
        u1_0.updated_at 
    from
        user_profile up1_0 
    join
        users u1_0 
            on u1_0.id=up1_0.user_id 
    where
        up1_0.user_id=?
Hibernate: 
    select
        p1_0.huddle_id,
        p1_0.id,
        p1_0.joined_at,
        p1_0.status,
        p1_0.user_id 
    from
        huddle_participant p1_0 
    where
        p1_0.huddle_id=?
Hibernate: 
    select
        u1_0.id,
        u1_0.account_type,
        u1_0.created_at,
        u1_0.email,
        u1_0.karma_score,
        u1_0.last_marketing_post_at,
        u1_0.marketing_category,
        u1_0.password_hash,
        u1_0.phone,
        u1_0.status,
        u1_0.updated_at 
    from
        users u1_0 
    where
        u1_0.id=?
Hibernate: 
    select
        up1_0.user_id,
        up1_0.alias,
        up1_0.avatar_url_alias,
        up1_0.avatar_url_real,
        up1_0.bio,
        up1_0.created_at,
        up1_0.default_radius_km,
        up1_0.dob,
        up1_0.home_geohash,
        up1_0.home_lat,
        up1_0.home_lon,
        up1_0.last_seen_at,
        up1_0.last_seen_lat,
        up1_0.last_seen_lon,
        up1_0.real_name,
        up1_0.trust_level,
        up1_0.trust_score,
        up1_0.updated_at,
        u1_0.id,
        u1_0.account_type,
        u1_0.created_at,
        u1_0.email,
        u1_0.karma_score,
        u1_0.last_marketing_post_at,
        u1_0.marketing_category,
        u1_0.password_hash,
        u1_0.phone,
        u1_0.status,
        u1_0.updated_at 
    from
        user_profile up1_0 
    join
        users u1_0 
            on u1_0.id=up1_0.user_id 
    where
        up1_0.user_id=?
Hibernate: 
    select
        p1_0.huddle_id,
        p1_0.id,
        p1_0.joined_at,
        p1_0.status,
        p1_0.user_id 
    from
        huddle_participant p1_0 
    where
        p1_0.huddle_id=?
Hibernate: 
    select
        u1_0.id,
        u1_0.account_type,
        u1_0.created_at,
        u1_0.email,
        u1_0.karma_score,
        u1_0.last_marketing_post_at,
        u1_0.marketing_category,
        u1_0.password_hash,
        u1_0.phone,
        u1_0.status,
        u1_0.updated_at 
    from
        users u1_0 
    where
        u1_0.id=?
Hibernate: 
    select
        up1_0.user_id,
        up1_0.alias,
        up1_0.avatar_url_alias,
        up1_0.avatar_url_real,
        up1_0.bio,
        up1_0.created_at,
        up1_0.default_radius_km,
        up1_0.dob,
        up1_0.home_geohash,
        up1_0.home_lat,
        up1_0.home_lon,
        up1_0.last_seen_at,
        up1_0.last_seen_lat,
        up1_0.last_seen_lon,
        up1_0.real_name,
        up1_0.trust_level,
        up1_0.trust_score,
        up1_0.updated_at,
        u1_0.id,
        u1_0.account_type,
        u1_0.created_at,
        u1_0.email,
        u1_0.karma_score,
        u1_0.last_marketing_post_at,
        u1_0.marketing_category,
        u1_0.password_hash,
        u1_0.phone,
        u1_0.status,
        u1_0.updated_at 
    from
        user_profile up1_0 
    join
        users u1_0 
            on u1_0.id=up1_0.user_id 
    where
        up1_0.user_id=?
Hibernate: 
    select
        p1_0.huddle_id,
        p1_0.id,
        p1_0.joined_at,
        p1_0.status,
        p1_0.user_id 
    from
        huddle_participant p1_0 
    where
        p1_0.huddle_id=?
Hibernate: 
    select
        u1_0.id,
        u1_0.account_type,
        u1_0.created_at,
        u1_0.email,
        u1_0.karma_score,
        u1_0.last_marketing_post_at,
        u1_0.marketing_category,
        u1_0.password_hash,
        u1_0.phone,
        u1_0.status,
        u1_0.updated_at 
    from
        users u1_0 
    where
        u1_0.id=?
Hibernate: 
    select
        up1_0.user_id,
        up1_0.alias,
        up1_0.avatar_url_alias,
        up1_0.avatar_url_real,
        up1_0.bio,
        up1_0.created_at,
        up1_0.default_radius_km,
        up1_0.dob,
        up1_0.home_geohash,
        up1_0.home_lat,
        up1_0.home_lon,
        up1_0.last_seen_at,
        up1_0.last_seen_lat,
        up1_0.last_seen_lon,
        up1_0.real_name,
        up1_0.trust_level,
        up1_0.trust_score,
        up1_0.updated_at,
        u1_0.id,
        u1_0.account_type,
        u1_0.created_at,
        u1_0.email,
        u1_0.karma_score,
        u1_0.last_marketing_post_at,
        u1_0.marketing_category,
        u1_0.password_hash,
        u1_0.phone,
        u1_0.status,
        u1_0.updated_at 
    from
        user_profile up1_0 
    join
        users u1_0 
            on u1_0.id=up1_0.user_id 
    where
        up1_0.user_id=?
Hibernate: 
    select
        p1_0.huddle_id,
        p1_0.id,
        p1_0.joined_at,
        p1_0.status,
        p1_0.user_id 
    from
        huddle_participant p1_0 
    where
        p1_0.huddle_id=?
Hibernate: 
    select
        u1_0.id,
        u1_0.account_type,
        u1_0.created_at,
        u1_0.email,
        u1_0.karma_score,
        u1_0.last_marketing_post_at,
        u1_0.marketing_category,
        u1_0.password_hash,
        u1_0.phone,
        u1_0.status,
        u1_0.updated_at 
    from
        users u1_0 
    where
        u1_0.id=?
Hibernate: 
    select
        up1_0.user_id,
        up1_0.alias,
        up1_0.avatar_url_alias,
        up1_0.avatar_url_real,
        up1_0.bio,
        up1_0.created_at,
        up1_0.default_radius_km,
        up1_0.dob,
        up1_0.home_geohash,
        up1_0.home_lat,
        up1_0.home_lon,
        up1_0.last_seen_at,
        up1_0.last_seen_lat,
        up1_0.last_seen_lon,
        up1_0.real_name,
        up1_0.trust_level,
        up1_0.trust_score,
        up1_0.updated_at,
        u1_0.id,
        u1_0.account_type,
        u1_0.created_at,
        u1_0.email,
        u1_0.karma_score,
        u1_0.last_marketing_post_at,
        u1_0.marketing_category,
        u1_0.password_hash,
        u1_0.phone,
        u1_0.status,
        u1_0.updated_at 
    from
        user_profile up1_0 
    join
        users u1_0 
            on u1_0.id=up1_0.user_id 
    where
        up1_0.user_id=?
Hibernate: 
    select
        p1_0.huddle_id,
        p1_0.id,
        p1_0.joined_at,
        p1_0.status,
        p1_0.user_id 
    from
        huddle_participant p1_0 
    where
        p1_0.huddle_id=?
Hibernate: 
    select
        u1_0.id,
        u1_0.account_type,
        u1_0.created_at,
        u1_0.email,
        u1_0.karma_score,
        u1_0.last_marketing_post_at,
        u1_0.marketing_category,
        u1_0.password_hash,
        u1_0.phone,
        u1_0.status,
        u1_0.updated_at 
    from
        users u1_0 
    where
        u1_0.id=?
Hibernate: 
    select
        up1_0.user_id,
        up1_0.alias,
        up1_0.avatar_url_alias,
        up1_0.avatar_url_real,
        up1_0.bio,
        up1_0.created_at,
        up1_0.default_radius_km,
        up1_0.dob,
        up1_0.home_geohash,
        up1_0.home_lat,
        up1_0.home_lon,
        up1_0.last_seen_at,
        up1_0.last_seen_lat,
        up1_0.last_seen_lon,
        up1_0.real_name,
        up1_0.trust_level,
        up1_0.trust_score,
        up1_0.updated_at,
        u1_0.id,
        u1_0.account_type,
        u1_0.created_at,
        u1_0.email,
        u1_0.karma_score,
        u1_0.last_marketing_post_at,
        u1_0.marketing_category,
        u1_0.password_hash,
        u1_0.phone,
        u1_0.status,
        u1_0.updated_at 
    from
        user_profile up1_0 
    join
        users u1_0 
            on u1_0.id=up1_0.user_id 
    where
        up1_0.user_id=?
Hibernate: 
    select
        p1_0.huddle_id,
        p1_0.id,
        p1_0.joined_at,
        p1_0.status,
        p1_0.user_id 
    from
        huddle_participant p1_0 
    where
        p1_0.huddle_id=?
Hibernate: 
    select
        u1_0.id,
        u1_0.account_type,
        u1_0.created_at,
        u1_0.email,
        u1_0.karma_score,
        u1_0.last_marketing_post_at,
        u1_0.marketing_category,
        u1_0.password_hash,
        u1_0.phone,
        u1_0.status,
        u1_0.updated_at 
    from
        users u1_0 
    where
        u1_0.id=?
Hibernate: 
    select
        up1_0.user_id,
        up1_0.alias,
        up1_0.avatar_url_alias,
        up1_0.avatar_url_real,
        up1_0.bio,
        up1_0.created_at,
        up1_0.default_radius_km,
        up1_0.dob,
        up1_0.home_geohash,
        up1_0.home_lat,
        up1_0.home_lon,
        up1_0.last_seen_at,
        up1_0.last_seen_lat,
        up1_0.last_seen_lon,
        up1_0.real_name,
        up1_0.trust_level,
        up1_0.trust_score,
        up1_0.updated_at,
        u1_0.id,
        u1_0.account_type,
        u1_0.created_at,
        u1_0.email,
        u1_0.karma_score,
        u1_0.last_marketing_post_at,
        u1_0.marketing_category,
        u1_0.password_hash,
        u1_0.phone,
        u1_0.status,
        u1_0.updated_at 
    from
        user_profile up1_0 
    join
        users u1_0 
            on u1_0.id=up1_0.user_id 
    where
        up1_0.user_id=?
Hibernate: 
    select
        p1_0.huddle_id,
        p1_0.id,
        p1_0.joined_at,
        p1_0.status,
        p1_0.user_id 
    from
        huddle_participant p1_0 
    where
        p1_0.huddle_id=?
Hibernate: 
    select
        u1_0.id,
        u1_0.account_type,
        u1_0.created_at,
        u1_0.email,
        u1_0.karma_score,
        u1_0.last_marketing_post_at,
        u1_0.marketing_category,
        u1_0.password_hash,
        u1_0.phone,
        u1_0.status,
        u1_0.updated_at 
    from
        users u1_0 
    where
        u1_0.id=?
Hibernate: 
    select
        up1_0.user_id,
        up1_0.alias,
        up1_0.avatar_url_alias,
        up1_0.avatar_url_real,
        up1_0.bio,
        up1_0.created_at,
        up1_0.default_radius_km,
        up1_0.dob,
        up1_0.home_geohash,
        up1_0.home_lat,
        up1_0.home_lon,
        up1_0.last_seen_at,
        up1_0.last_seen_lat,
        up1_0.last_seen_lon,
        up1_0.real_name,
        up1_0.trust_level,
        up1_0.trust_score,
        up1_0.updated_at,
        u1_0.id,
        u1_0.account_type,
        u1_0.created_at,
        u1_0.email,
        u1_0.karma_score,
        u1_0.last_marketing_post_at,
        u1_0.marketing_category,
        u1_0.password_hash,
        u1_0.phone,
        u1_0.status,
        u1_0.updated_at 
    from
        user_profile up1_0 
    join
        users u1_0 
            on u1_0.id=up1_0.user_id 
    where
        up1_0.user_id=?
Hibernate: 
    select
        p1_0.huddle_id,
        p1_0.id,
        p1_0.joined_at,
        p1_0.status,
        p1_0.user_id 
    from
        huddle_participant p1_0 
    where
        p1_0.huddle_id=?
Hibernate: 
    select
        u1_0.id,
        u1_0.account_type,
        u1_0.created_at,
        u1_0.email,
        u1_0.karma_score,
        u1_0.last_marketing_post_at,
        u1_0.marketing_category,
        u1_0.password_hash,
        u1_0.phone,
        u1_0.status,
        u1_0.updated_at 
    from
        users u1_0 
    where
        u1_0.id=?
Hibernate: 
    select
        up1_0.user_id,
        up1_0.alias,
        up1_0.avatar_url_alias,
        up1_0.avatar_url_real,
        up1_0.bio,
        up1_0.created_at,
        up1_0.default_radius_km,
        up1_0.dob,
        up1_0.home_geohash,
        up1_0.home_lat,
        up1_0.home_lon,
        up1_0.last_seen_at,
        up1_0.last_seen_lat,
        up1_0.last_seen_lon,
        up1_0.real_name,
        up1_0.trust_level,
        up1_0.trust_score,
        up1_0.updated_at,
        u1_0.id,
        u1_0.account_type,
        u1_0.created_at,
        u1_0.email,
        u1_0.karma_score,
        u1_0.last_marketing_post_at,
        u1_0.marketing_category,
        u1_0.password_hash,
        u1_0.phone,
        u1_0.status,
        u1_0.updated_at 
    from
        user_profile up1_0 
    join
        users u1_0 
            on u1_0.id=up1_0.user_id 
    where
        up1_0.user_id=?
Hibernate: 
    select
        p1_0.huddle_id,
        p1_0.id,
        p1_0.joined_at,
        p1_0.status,
        p1_0.user_id 
    from
        huddle_participant p1_0 
    where
        p1_0.huddle_id=?
Hibernate: 
    select
        u1_0.id,
        u1_0.account_type,
        u1_0.created_at,
        u1_0.email,
        u1_0.karma_score,
        u1_0.last_marketing_post_at,
        u1_0.marketing_category,
        u1_0.password_hash,
        u1_0.phone,
        u1_0.status,
        u1_0.updated_at 
    from
        users u1_0 
    where
        u1_0.id=?
Hibernate: 
    select
        up1_0.user_id,
        up1_0.alias,
        up1_0.avatar_url_alias,
        up1_0.avatar_url_real,
        up1_0.bio,
        up1_0.created_at,
        up1_0.default_radius_km,
        up1_0.dob,
        up1_0.home_geohash,
        up1_0.home_lat,
        up1_0.home_lon,
        up1_0.last_seen_at,
        up1_0.last_seen_lat,
        up1_0.last_seen_lon,
        up1_0.real_name,
        up1_0.trust_level,
        up1_0.trust_score,
        up1_0.updated_at,
        u1_0.id,
        u1_0.account_type,
        u1_0.created_at,
        u1_0.email,
        u1_0.karma_score,
        u1_0.last_marketing_post_at,
        u1_0.marketing_category,
        u1_0.password_hash,
        u1_0.phone,
        u1_0.status,
        u1_0.updated_at 
    from
        user_profile up1_0 
    join
        users u1_0 
            on u1_0.id=up1_0.user_id 
    where
        up1_0.user_id=?
Hibernate: 
    delete 
    from
        huddle_participant 
    where
        id=?
Hibernate: 
    delete 
    from
        huddle_participant 
    where
        id=?
Hibernate: 
    delete 
    from
        huddle 
    where
        id=?
Hibernate: 
    delete 
    from
        huddle_participant 
    where
        id=?
Hibernate: 
    delete 
    from
        huddle 
    where
        id=?
Hibernate: 
    delete 
    from
        huddle_participant 
    where
        id=?
Hibernate: 
    delete 
    from
        huddle 
    where
        id=?
Hibernate: 
    delete 
    from
        huddle_participant 
    where
        id=?
Hibernate: 
    delete 
    from
        huddle 
    where
        id=?
Hibernate: 
    delete 
    from
        huddle_participant 
    where
        id=?
Hibernate: 
    delete 
    from
        huddle 
    where
        id=?
Hibernate: 
    delete 
    from
        huddle_participant 
    where
        id=?
Hibernate: 
    delete 
    from
        huddle 
    where
        id=?
Hibernate: 
    delete 
    from
        huddle_participant 
    where
        id=?
Hibernate: 
    delete 
    from
        huddle 
    where
        id=?
Hibernate: 
    delete 
    from
        huddle_participant 
    where
        id=?
Hibernate: 
    delete 
    from
        huddle 
    where
        id=?
Hibernate: 
    delete 
    from
        huddle_participant 
    where
        id=?
Hibernate: 
    delete 
    from
        huddle 
    where
        id=?
Hibernate: 
    delete 
    from
        huddle_participant 
    where
        id=?
Hibernate: 
    delete 
    from
        huddle 
    where
        id=?
Hibernate: 
    select
        u1_0.id,
        u1_0.account_type,
        u1_0.created_at,
        u1_0.email,
        u1_0.karma_score,
        u1_0.last_marketing_post_at,
        u1_0.marketing_category,
        u1_0.password_hash,
        u1_0.phone,
        u1_0.status,
        u1_0.updated_at 
    from
        users u1_0
Hibernate: 
    select
        up1_0.user_id,
        up1_0.alias,
        up1_0.avatar_url_alias,
        up1_0.avatar_url_real,
        up1_0.bio,
        up1_0.created_at,
        up1_0.default_radius_km,
        up1_0.dob,
        up1_0.home_geohash,
        up1_0.home_lat,
        up1_0.home_lon,
        up1_0.last_seen_at,
        up1_0.last_seen_lat,
        up1_0.last_seen_lon,
        up1_0.real_name,
        up1_0.trust_level,
        up1_0.trust_score,
        up1_0.updated_at,
        u1_0.id,
        u1_0.account_type,
        u1_0.created_at,
        u1_0.email,
        u1_0.karma_score,
        u1_0.last_marketing_post_at,
        u1_0.marketing_category,
        u1_0.password_hash,
        u1_0.phone,
        u1_0.status,
        u1_0.updated_at 
    from
        user_profile up1_0 
    join
        users u1_0 
            on u1_0.id=up1_0.user_id 
    where
        up1_0.user_id=?
Hibernate: 
    select
        up1_0.user_id,
        up1_0.alias,
        up1_0.avatar_url_alias,
        up1_0.avatar_url_real,
        up1_0.bio,
        up1_0.created_at,
        up1_0.default_radius_km,
        up1_0.dob,
        up1_0.home_geohash,
        up1_0.home_lat,
        up1_0.home_lon,
        up1_0.last_seen_at,
        up1_0.last_seen_lat,
        up1_0.last_seen_lon,
        up1_0.real_name,
        up1_0.trust_level,
        up1_0.trust_score,
        up1_0.updated_at,
        u1_0.id,
        u1_0.account_type,
        u1_0.created_at,
        u1_0.email,
        u1_0.karma_score,
        u1_0.last_marketing_post_at,
        u1_0.marketing_category,
        u1_0.password_hash,
        u1_0.phone,
        u1_0.status,
        u1_0.updated_at 
    from
        user_profile up1_0 
    join
        users u1_0 
            on u1_0.id=up1_0.user_id 
    where
        up1_0.user_id=?
Hibernate: 
    select
        up1_0.user_id,
        up1_0.alias,
        up1_0.avatar_url_alias,
        up1_0.avatar_url_real,
        up1_0.bio,
        up1_0.created_at,
        up1_0.default_radius_km,
        up1_0.dob,
        up1_0.home_geohash,
        up1_0.home_lat,
        up1_0.home_lon,
        up1_0.last_seen_at,
        up1_0.last_seen_lat,
        up1_0.last_seen_lon,
        up1_0.real_name,
        up1_0.trust_level,
        up1_0.trust_score,
        up1_0.updated_at,
        u1_0.id,
        u1_0.account_type,
        u1_0.created_at,
        u1_0.email,
        u1_0.karma_score,
        u1_0.last_marketing_post_at,
        u1_0.marketing_category,
        u1_0.password_hash,
        u1_0.phone,
        u1_0.status,
        u1_0.updated_at 
    from
        user_profile up1_0 
    join
        users u1_0 
            on u1_0.id=up1_0.user_id 
    where
        up1_0.user_id=?
Hibernate: 
    select
        up1_0.user_id,
        up1_0.alias,
        up1_0.avatar_url_alias,
        up1_0.avatar_url_real,
        up1_0.bio,
        up1_0.created_at,
        up1_0.default_radius_km,
        up1_0.dob,
        up1_0.home_geohash,
        up1_0.home_lat,
        up1_0.home_lon,
        up1_0.last_seen_at,
        up1_0.last_seen_lat,
        up1_0.last_seen_lon,
        up1_0.real_name,
        up1_0.trust_level,
        up1_0.trust_score,
        up1_0.updated_at,
        u1_0.id,
        u1_0.account_type,
        u1_0.created_at,
        u1_0.email,
        u1_0.karma_score,
        u1_0.last_marketing_post_at,
        u1_0.marketing_category,
        u1_0.password_hash,
        u1_0.phone,
        u1_0.status,
        u1_0.updated_at 
    from
        user_profile up1_0 
    join
        users u1_0 
            on u1_0.id=up1_0.user_id 
    where
        up1_0.user_id=?
Hibernate: 
    select
        up1_0.user_id,
        up1_0.alias,
        up1_0.avatar_url_alias,
        up1_0.avatar_url_real,
        up1_0.bio,
        up1_0.created_at,
        up1_0.default_radius_km,
        up1_0.dob,
        up1_0.home_geohash,
        up1_0.home_lat,
        up1_0.home_lon,
        up1_0.last_seen_at,
        up1_0.last_seen_lat,
        up1_0.last_seen_lon,
        up1_0.real_name,
        up1_0.trust_level,
        up1_0.trust_score,
        up1_0.updated_at,
        u1_0.id,
        u1_0.account_type,
        u1_0.created_at,
        u1_0.email,
        u1_0.karma_score,
        u1_0.last_marketing_post_at,
        u1_0.marketing_category,
        u1_0.password_hash,
        u1_0.phone,
        u1_0.status,
        u1_0.updated_at 
    from
        user_profile up1_0 
    join
        users u1_0 
            on u1_0.id=up1_0.user_id 
    where
        up1_0.user_id=?
Hibernate: 
    select
        up1_0.user_id,
        up1_0.alias,
        up1_0.avatar_url_alias,
        up1_0.avatar_url_real,
        up1_0.bio,
        up1_0.created_at,
        up1_0.default_radius_km,
        up1_0.dob,
        up1_0.home_geohash,
        up1_0.home_lat,
        up1_0.home_lon,
        up1_0.last_seen_at,
        up1_0.last_seen_lat,
        up1_0.last_seen_lon,
        up1_0.real_name,
        up1_0.trust_level,
        up1_0.trust_score,
        up1_0.updated_at,
        u1_0.id,
        u1_0.account_type,
        u1_0.created_at,
        u1_0.email,
        u1_0.karma_score,
        u1_0.last_marketing_post_at,
        u1_0.marketing_category,
        u1_0.password_hash,
        u1_0.phone,
        u1_0.status,
        u1_0.updated_at 
    from
        user_profile up1_0 
    join
        users u1_0 
            on u1_0.id=up1_0.user_id 
    where
        up1_0.user_id=?
Hibernate: 
    select
        up1_0.user_id,
        up1_0.alias,
        up1_0.avatar_url_alias,
        up1_0.avatar_url_real,
        up1_0.bio,
        up1_0.created_at,
        up1_0.default_radius_km,
        up1_0.dob,
        up1_0.home_geohash,
        up1_0.home_lat,
        up1_0.home_lon,
        up1_0.last_seen_at,
        up1_0.last_seen_lat,
        up1_0.last_seen_lon,
        up1_0.real_name,
        up1_0.trust_level,
        up1_0.trust_score,
        up1_0.updated_at,
        u1_0.id,
        u1_0.account_type,
        u1_0.created_at,
        u1_0.email,
        u1_0.karma_score,
        u1_0.last_marketing_post_at,
        u1_0.marketing_category,
        u1_0.password_hash,
        u1_0.phone,
        u1_0.status,
        u1_0.updated_at 
    from
        user_profile up1_0 
    join
        users u1_0 
            on u1_0.id=up1_0.user_id 
    where
        up1_0.user_id=?
Hibernate: 
    select
        up1_0.user_id,
        up1_0.alias,
        up1_0.avatar_url_alias,
        up1_0.avatar_url_real,
        up1_0.bio,
        up1_0.created_at,
        up1_0.default_radius_km,
        up1_0.dob,
        up1_0.home_geohash,
        up1_0.home_lat,
        up1_0.home_lon,
        up1_0.last_seen_at,
        up1_0.last_seen_lat,
        up1_0.last_seen_lon,
        up1_0.real_name,
        up1_0.trust_level,
        up1_0.trust_score,
        up1_0.updated_at,
        u1_0.id,
        u1_0.account_type,
        u1_0.created_at,
        u1_0.email,
        u1_0.karma_score,
        u1_0.last_marketing_post_at,
        u1_0.marketing_category,
        u1_0.password_hash,
        u1_0.phone,
        u1_0.status,
        u1_0.updated_at 
    from
        user_profile up1_0 
    join
        users u1_0 
            on u1_0.id=up1_0.user_id 
    where
        up1_0.user_id=?
Hibernate: 
    select
        up1_0.user_id,
        up1_0.alias,
        up1_0.avatar_url_alias,
        up1_0.avatar_url_real,
        up1_0.bio,
        up1_0.created_at,
        up1_0.default_radius_km,
        up1_0.dob,
        up1_0.home_geohash,
        up1_0.home_lat,
        up1_0.home_lon,
        up1_0.last_seen_at,
        up1_0.last_seen_lat,
        up1_0.last_seen_lon,
        up1_0.real_name,
        up1_0.trust_level,
        up1_0.trust_score,
        up1_0.updated_at,
        u1_0.id,
        u1_0.account_type,
        u1_0.created_at,
        u1_0.email,
        u1_0.karma_score,
        u1_0.last_marketing_post_at,
        u1_0.marketing_category,
        u1_0.password_hash,
        u1_0.phone,
        u1_0.status,
        u1_0.updated_at 
    from
        user_profile up1_0 
    join
        users u1_0 
            on u1_0.id=up1_0.user_id 
    where
        up1_0.user_id=?
Hibernate: 
    select
        up1_0.user_id,
        up1_0.alias,
        up1_0.avatar_url_alias,
        up1_0.avatar_url_real,
        up1_0.bio,
        up1_0.created_at,
        up1_0.default_radius_km,
        up1_0.dob,
        up1_0.home_geohash,
        up1_0.home_lat,
        up1_0.home_lon,
        up1_0.last_seen_at,
        up1_0.last_seen_lat,
        up1_0.last_seen_lon,
        up1_0.real_name,
        up1_0.trust_level,
        up1_0.trust_score,
        up1_0.updated_at,
        u1_0.id,
        u1_0.account_type,
        u1_0.created_at,
        u1_0.email,
        u1_0.karma_score,
        u1_0.last_marketing_post_at,
        u1_0.marketing_category,
        u1_0.password_hash,
        u1_0.phone,
        u1_0.status,
        u1_0.updated_at 
    from
        user_profile up1_0 
    join
        users u1_0 
            on u1_0.id=up1_0.user_id 
    where
        up1_0.user_id=?
Hibernate: 
    select
        up1_0.user_id,
        up1_0.alias,
        up1_0.avatar_url_alias,
        up1_0.avatar_url_real,
        up1_0.bio,
        up1_0.created_at,
        up1_0.default_radius_km,
        up1_0.dob,
        up1_0.home_geohash,
        up1_0.home_lat,
        up1_0.home_lon,
        up1_0.last_seen_at,
        up1_0.last_seen_lat,
        up1_0.last_seen_lon,
        up1_0.real_name,
        up1_0.trust_level,
        up1_0.trust_score,
        up1_0.updated_at,
        u1_0.id,
        u1_0.account_type,
        u1_0.created_at,
        u1_0.email,
        u1_0.karma_score,
        u1_0.last_marketing_post_at,
        u1_0.marketing_category,
        u1_0.password_hash,
        u1_0.phone,
        u1_0.status,
        u1_0.updated_at 
    from
        user_profile up1_0 
    join
        users u1_0 
            on u1_0.id=up1_0.user_id 
    where
        up1_0.user_id=?
Hibernate: 
    select
        up1_0.user_id,
        up1_0.alias,
        up1_0.avatar_url_alias,
        up1_0.avatar_url_real,
        up1_0.bio,
        up1_0.created_at,
        up1_0.default_radius_km,
        up1_0.dob,
        up1_0.home_geohash,
        up1_0.home_lat,
        up1_0.home_lon,
        up1_0.last_seen_at,
        up1_0.last_seen_lat,
        up1_0.last_seen_lon,
        up1_0.real_name,
        up1_0.trust_level,
        up1_0.trust_score,
        up1_0.updated_at,
        u1_0.id,
        u1_0.account_type,
        u1_0.created_at,
        u1_0.email,
        u1_0.karma_score,
        u1_0.last_marketing_post_at,
        u1_0.marketing_category,
        u1_0.password_hash,
        u1_0.phone,
        u1_0.status,
        u1_0.updated_at 
    from
        user_profile up1_0 
    join
        users u1_0 
            on u1_0.id=up1_0.user_id 
    where
        up1_0.user_id=?
Hibernate: 
    select
        up1_0.user_id,
        up1_0.alias,
        up1_0.avatar_url_alias,
        up1_0.avatar_url_real,
        up1_0.bio,
        up1_0.created_at,
        up1_0.default_radius_km,
        up1_0.dob,
        up1_0.home_geohash,
        up1_0.home_lat,
        up1_0.home_lon,
        up1_0.last_seen_at,
        up1_0.last_seen_lat,
        up1_0.last_seen_lon,
        up1_0.real_name,
        up1_0.trust_level,
        up1_0.trust_score,
        up1_0.updated_at,
        u1_0.id,
        u1_0.account_type,
        u1_0.created_at,
        u1_0.email,
        u1_0.karma_score,
        u1_0.last_marketing_post_at,
        u1_0.marketing_category,
        u1_0.password_hash,
        u1_0.phone,
        u1_0.status,
        u1_0.updated_at 
    from
        user_profile up1_0 
    join
        users u1_0 
            on u1_0.id=up1_0.user_id 
    where
        up1_0.user_id=?
Hibernate: 
    select
        up1_0.user_id,
        up1_0.alias,
        up1_0.avatar_url_alias,
        up1_0.avatar_url_real,
        up1_0.bio,
        up1_0.created_at,
        up1_0.default_radius_km,
        up1_0.dob,
        up1_0.home_geohash,
        up1_0.home_lat,
        up1_0.home_lon,
        up1_0.last_seen_at,
        up1_0.last_seen_lat,
        up1_0.last_seen_lon,
        up1_0.real_name,
        up1_0.trust_level,
        up1_0.trust_score,
        up1_0.updated_at,
        u1_0.id,
        u1_0.account_type,
        u1_0.created_at,
        u1_0.email,
        u1_0.karma_score,
        u1_0.last_marketing_post_at,
        u1_0.marketing_category,
        u1_0.password_hash,
        u1_0.phone,
        u1_0.status,
        u1_0.updated_at 
    from
        user_profile up1_0 
    join
        users u1_0 
            on u1_0.id=up1_0.user_id 
    where
        up1_0.user_id=?
Hibernate: 
    select
        up1_0.user_id,
        up1_0.alias,
        up1_0.avatar_url_alias,
        up1_0.avatar_url_real,
        up1_0.bio,
        up1_0.created_at,
        up1_0.default_radius_km,
        up1_0.dob,
        up1_0.home_geohash,
        up1_0.home_lat,
        up1_0.home_lon,
        up1_0.last_seen_at,
        up1_0.last_seen_lat,
        up1_0.last_seen_lon,
        up1_0.real_name,
        up1_0.trust_level,
        up1_0.trust_score,
        up1_0.updated_at,
        u1_0.id,
        u1_0.account_type,
        u1_0.created_at,
        u1_0.email,
        u1_0.karma_score,
        u1_0.last_marketing_post_at,
        u1_0.marketing_category,
        u1_0.password_hash,
        u1_0.phone,
        u1_0.status,
        u1_0.updated_at 
    from
        user_profile up1_0 
    join
        users u1_0 
            on u1_0.id=up1_0.user_id 
    where
        up1_0.user_id=?
Hibernate: 
    select
        up1_0.user_id,
        up1_0.alias,
        up1_0.avatar_url_alias,
        up1_0.avatar_url_real,
        up1_0.bio,
        up1_0.created_at,
        up1_0.default_radius_km,
        up1_0.dob,
        up1_0.home_geohash,
        up1_0.home_lat,
        up1_0.home_lon,
        up1_0.last_seen_at,
        up1_0.last_seen_lat,
        up1_0.last_seen_lon,
        up1_0.real_name,
        up1_0.trust_level,
        up1_0.trust_score,
        up1_0.updated_at,
        u1_0.id,
        u1_0.account_type,
        u1_0.created_at,
        u1_0.email,
        u1_0.karma_score,
        u1_0.last_marketing_post_at,
        u1_0.marketing_category,
        u1_0.password_hash,
        u1_0.phone,
        u1_0.status,
        u1_0.updated_at 
    from
        user_profile up1_0 
    join
        users u1_0 
            on u1_0.id=up1_0.user_id 
    where
        up1_0.user_id=?
Hibernate: 
    select
        up1_0.user_id,
        up1_0.alias,
        up1_0.avatar_url_alias,
        up1_0.avatar_url_real,
        up1_0.bio,
        up1_0.created_at,
        up1_0.default_radius_km,
        up1_0.dob,
        up1_0.home_geohash,
        up1_0.home_lat,
        up1_0.home_lon,
        up1_0.last_seen_at,
        up1_0.last_seen_lat,
        up1_0.last_seen_lon,
        up1_0.real_name,
        up1_0.trust_level,
        up1_0.trust_score,
        up1_0.updated_at,
        u1_0.id,
        u1_0.account_type,
        u1_0.created_at,
        u1_0.email,
        u1_0.karma_score,
        u1_0.last_marketing_post_at,
        u1_0.marketing_category,
        u1_0.password_hash,
        u1_0.phone,
        u1_0.status,
        u1_0.updated_at 
    from
        user_profile up1_0 
    join
        users u1_0 
            on u1_0.id=up1_0.user_id 
    where
        up1_0.user_id=?
Hibernate: 
    select
        up1_0.user_id,
        up1_0.alias,
        up1_0.avatar_url_alias,
        up1_0.avatar_url_real,
        up1_0.bio,
        up1_0.created_at,
        up1_0.default_radius_km,
        up1_0.dob,
        up1_0.home_geohash,
        up1_0.home_lat,
        up1_0.home_lon,
        up1_0.last_seen_at,
        up1_0.last_seen_lat,
        up1_0.last_seen_lon,
        up1_0.real_name,
        up1_0.trust_level,
        up1_0.trust_score,
        up1_0.updated_at,
        u1_0.id,
        u1_0.account_type,
        u1_0.created_at,
        u1_0.email,
        u1_0.karma_score,
        u1_0.last_marketing_post_at,
        u1_0.marketing_category,
        u1_0.password_hash,
        u1_0.phone,
        u1_0.status,
        u1_0.updated_at 
    from
        user_profile up1_0 
    join
        users u1_0 
            on u1_0.id=up1_0.user_id 
    where
        up1_0.user_id=?
Hibernate: 
    select
        up1_0.user_id,
        up1_0.alias,
        up1_0.avatar_url_alias,
        up1_0.avatar_url_real,
        up1_0.bio,
        up1_0.created_at,
        up1_0.default_radius_km,
        up1_0.dob,
        up1_0.home_geohash,
        up1_0.home_lat,
        up1_0.home_lon,
        up1_0.last_seen_at,
        up1_0.last_seen_lat,
        up1_0.last_seen_lon,
        up1_0.real_name,
        up1_0.trust_level,
        up1_0.trust_score,
        up1_0.updated_at,
        u1_0.id,
        u1_0.account_type,
        u1_0.created_at,
        u1_0.email,
        u1_0.karma_score,
        u1_0.last_marketing_post_at,
        u1_0.marketing_category,
        u1_0.password_hash,
        u1_0.phone,
        u1_0.status,
        u1_0.updated_at 
    from
        user_profile up1_0 
    join
        users u1_0 
            on u1_0.id=up1_0.user_id 
    where
        up1_0.user_id=?
Hibernate: 
    select
        up1_0.user_id,
        up1_0.alias,
        up1_0.avatar_url_alias,
        up1_0.avatar_url_real,
        up1_0.bio,
        up1_0.created_at,
        up1_0.default_radius_km,
        up1_0.dob,
        up1_0.home_geohash,
        up1_0.home_lat,
        up1_0.home_lon,
        up1_0.last_seen_at,
        up1_0.last_seen_lat,
        up1_0.last_seen_lon,
        up1_0.real_name,
        up1_0.trust_level,
        up1_0.trust_score,
        up1_0.updated_at,
        u1_0.id,
        u1_0.account_type,
        u1_0.created_at,
        u1_0.email,
        u1_0.karma_score,
        u1_0.last_marketing_post_at,
        u1_0.marketing_category,
        u1_0.password_hash,
        u1_0.phone,
        u1_0.status,
        u1_0.updated_at 
    from
        user_profile up1_0 
    join
        users u1_0 
            on u1_0.id=up1_0.user_id 
    where
        up1_0.user_id=?
Hibernate: 
    select
        up1_0.user_id,
        up1_0.alias,
        up1_0.avatar_url_alias,
        up1_0.avatar_url_real,
        up1_0.bio,
        up1_0.created_at,
        up1_0.default_radius_km,
        up1_0.dob,
        up1_0.home_geohash,
        up1_0.home_lat,
        up1_0.home_lon,
        up1_0.last_seen_at,
        up1_0.last_seen_lat,
        up1_0.last_seen_lon,
        up1_0.real_name,
        up1_0.trust_level,
        up1_0.trust_score,
        up1_0.updated_at,
        u1_0.id,
        u1_0.account_type,
        u1_0.created_at,
        u1_0.email,
        u1_0.karma_score,
        u1_0.last_marketing_post_at,
        u1_0.marketing_category,
        u1_0.password_hash,
        u1_0.phone,
        u1_0.status,
        u1_0.updated_at 
    from
        user_profile up1_0 
    join
        users u1_0 
            on u1_0.id=up1_0.user_id 
    where
        up1_0.user_id=?
Hibernate: 
    select
        up1_0.user_id,
        up1_0.alias,
        up1_0.avatar_url_alias,
        up1_0.avatar_url_real,
        up1_0.bio,
        up1_0.created_at,
        up1_0.default_radius_km,
        up1_0.dob,
        up1_0.home_geohash,
        up1_0.home_lat,
        up1_0.home_lon,
        up1_0.last_seen_at,
        up1_0.last_seen_lat,
        up1_0.last_seen_lon,
        up1_0.real_name,
        up1_0.trust_level,
        up1_0.trust_score,
        up1_0.updated_at,
        u1_0.id,
        u1_0.account_type,
        u1_0.created_at,
        u1_0.email,
        u1_0.karma_score,
        u1_0.last_marketing_post_at,
        u1_0.marketing_category,
        u1_0.password_hash,
        u1_0.phone,
        u1_0.status,
        u1_0.updated_at 
    from
        user_profile up1_0 
    join
        users u1_0 
            on u1_0.id=up1_0.user_id 
    where
        up1_0.user_id=?
Hibernate: 
    select
        up1_0.user_id,
        up1_0.alias,
        up1_0.avatar_url_alias,
        up1_0.avatar_url_real,
        up1_0.bio,
        up1_0.created_at,
        up1_0.default_radius_km,
        up1_0.dob,
        up1_0.home_geohash,
        up1_0.home_lat,
        up1_0.home_lon,
        up1_0.last_seen_at,
        up1_0.last_seen_lat,
        up1_0.last_seen_lon,
        up1_0.real_name,
        up1_0.trust_level,
        up1_0.trust_score,
        up1_0.updated_at,
        u1_0.id,
        u1_0.account_type,
        u1_0.created_at,
        u1_0.email,
        u1_0.karma_score,
        u1_0.last_marketing_post_at,
        u1_0.marketing_category,
        u1_0.password_hash,
        u1_0.phone,
        u1_0.status,
        u1_0.updated_at 
    from
        user_profile up1_0 
    join
        users u1_0 
            on u1_0.id=up1_0.user_id 
    where
        up1_0.user_id=?
Hibernate: 
    select
        up1_0.user_id,
        up1_0.alias,
        up1_0.avatar_url_alias,
        up1_0.avatar_url_real,
        up1_0.bio,
        up1_0.created_at,
        up1_0.default_radius_km,
        up1_0.dob,
        up1_0.home_geohash,
        up1_0.home_lat,
        up1_0.home_lon,
        up1_0.last_seen_at,
        up1_0.last_seen_lat,
        up1_0.last_seen_lon,
        up1_0.real_name,
        up1_0.trust_level,
        up1_0.trust_score,
        up1_0.updated_at,
        u1_0.id,
        u1_0.account_type,
        u1_0.created_at,
        u1_0.email,
        u1_0.karma_score,
        u1_0.last_marketing_post_at,
        u1_0.marketing_category,
        u1_0.password_hash,
        u1_0.phone,
        u1_0.status,
        u1_0.updated_at 
    from
        user_profile up1_0 
    join
        users u1_0 
            on u1_0.id=up1_0.user_id 
    where
        up1_0.user_id=?
Hibernate: 
    select
        up1_0.user_id,
        up1_0.alias,
        up1_0.avatar_url_alias,
        up1_0.avatar_url_real,
        up1_0.bio,
        up1_0.created_at,
        up1_0.default_radius_km,
        up1_0.dob,
        up1_0.home_geohash,
        up1_0.home_lat,
        up1_0.home_lon,
        up1_0.last_seen_at,
        up1_0.last_seen_lat,
        up1_0.last_seen_lon,
        up1_0.real_name,
        up1_0.trust_level,
        up1_0.trust_score,
        up1_0.updated_at,
        u1_0.id,
        u1_0.account_type,
        u1_0.created_at,
        u1_0.email,
        u1_0.karma_score,
        u1_0.last_marketing_post_at,
        u1_0.marketing_category,
        u1_0.password_hash,
        u1_0.phone,
        u1_0.status,
        u1_0.updated_at 
    from
        user_profile up1_0 
    join
        users u1_0 
            on u1_0.id=up1_0.user_id 
    where
        up1_0.user_id=?
Hibernate: 
    select
        up1_0.user_id,
        up1_0.alias,
        up1_0.avatar_url_alias,
        up1_0.avatar_url_real,
        up1_0.bio,
        up1_0.created_at,
        up1_0.default_radius_km,
        up1_0.dob,
        up1_0.home_geohash,
        up1_0.home_lat,
        up1_0.home_lon,
        up1_0.last_seen_at,
        up1_0.last_seen_lat,
        up1_0.last_seen_lon,
        up1_0.real_name,
        up1_0.trust_level,
        up1_0.trust_score,
        up1_0.updated_at,
        u1_0.id,
        u1_0.account_type,
        u1_0.created_at,
        u1_0.email,
        u1_0.karma_score,
        u1_0.last_marketing_post_at,
        u1_0.marketing_category,
        u1_0.password_hash,
        u1_0.phone,
        u1_0.status,
        u1_0.updated_at 
    from
        user_profile up1_0 
    join
        users u1_0 
            on u1_0.id=up1_0.user_id 
    where
        up1_0.user_id=?
Hibernate: 
    select
        up1_0.user_id,
        up1_0.alias,
        up1_0.avatar_url_alias,
        up1_0.avatar_url_real,
        up1_0.bio,
        up1_0.created_at,
        up1_0.default_radius_km,
        up1_0.dob,
        up1_0.home_geohash,
        up1_0.home_lat,
        up1_0.home_lon,
        up1_0.last_seen_at,
        up1_0.last_seen_lat,
        up1_0.last_seen_lon,
        up1_0.real_name,
        up1_0.trust_level,
        up1_0.trust_score,
        up1_0.updated_at,
        u1_0.id,
        u1_0.account_type,
        u1_0.created_at,
        u1_0.email,
        u1_0.karma_score,
        u1_0.last_marketing_post_at,
        u1_0.marketing_category,
        u1_0.password_hash,
        u1_0.phone,
        u1_0.status,
        u1_0.updated_at 
    from
        user_profile up1_0 
    join
        users u1_0 
            on u1_0.id=up1_0.user_id 
    where
        up1_0.user_id=?
Hibernate: 
    select
        up1_0.user_id,
        up1_0.alias,
        up1_0.avatar_url_alias,
        up1_0.avatar_url_real,
        up1_0.bio,
        up1_0.created_at,
        up1_0.default_radius_km,
        up1_0.dob,
        up1_0.home_geohash,
        up1_0.home_lat,
        up1_0.home_lon,
        up1_0.last_seen_at,
        up1_0.last_seen_lat,
        up1_0.last_seen_lon,
        up1_0.real_name,
        up1_0.trust_level,
        up1_0.trust_score,
        up1_0.updated_at,
        u1_0.id,
        u1_0.account_type,
        u1_0.created_at,
        u1_0.email,
        u1_0.karma_score,
        u1_0.last_marketing_post_at,
        u1_0.marketing_category,
        u1_0.password_hash,
        u1_0.phone,
        u1_0.status,
        u1_0.updated_at 
    from
        user_profile up1_0 
    join
        users u1_0 
            on u1_0.id=up1_0.user_id 
    where
        up1_0.user_id=?
Hibernate: 
    select
        up1_0.user_id,
        up1_0.alias,
        up1_0.avatar_url_alias,
        up1_0.avatar_url_real,
        up1_0.bio,
        up1_0.created_at,
        up1_0.default_radius_km,
        up1_0.dob,
        up1_0.home_geohash,
        up1_0.home_lat,
        up1_0.home_lon,
        up1_0.last_seen_at,
        up1_0.last_seen_lat,
        up1_0.last_seen_lon,
        up1_0.real_name,
        up1_0.trust_level,
        up1_0.trust_score,
        up1_0.updated_at,
        u1_0.id,
        u1_0.account_type,
        u1_0.created_at,
        u1_0.email,
        u1_0.karma_score,
        u1_0.last_marketing_post_at,
        u1_0.marketing_category,
        u1_0.password_hash,
        u1_0.phone,
        u1_0.status,
        u1_0.updated_at 
    from
        user_profile up1_0 
    join
        users u1_0 
            on u1_0.id=up1_0.user_id 
    where
        up1_0.user_id=?
Hibernate: 
    select
        up1_0.user_id,
        up1_0.alias,
        up1_0.avatar_url_alias,
        up1_0.avatar_url_real,
        up1_0.bio,
        up1_0.created_at,
        up1_0.default_radius_km,
        up1_0.dob,
        up1_0.home_geohash,
        up1_0.home_lat,
        up1_0.home_lon,
        up1_0.last_seen_at,
        up1_0.last_seen_lat,
        up1_0.last_seen_lon,
        up1_0.real_name,
        up1_0.trust_level,
        up1_0.trust_score,
        up1_0.updated_at,
        u1_0.id,
        u1_0.account_type,
        u1_0.created_at,
        u1_0.email,
        u1_0.karma_score,
        u1_0.last_marketing_post_at,
        u1_0.marketing_category,
        u1_0.password_hash,
        u1_0.phone,
        u1_0.status,
        u1_0.updated_at 
    from
        user_profile up1_0 
    join
        users u1_0 
            on u1_0.id=up1_0.user_id 
    where
        up1_0.user_id=?
Hibernate: 
    select
        up1_0.user_id,
        up1_0.alias,
        up1_0.avatar_url_alias,
        up1_0.avatar_url_real,
        up1_0.bio,
        up1_0.created_at,
        up1_0.default_radius_km,
        up1_0.dob,
        up1_0.home_geohash,
        up1_0.home_lat,
        up1_0.home_lon,
        up1_0.last_seen_at,
        up1_0.last_seen_lat,
        up1_0.last_seen_lon,
        up1_0.real_name,
        up1_0.trust_level,
        up1_0.trust_score,
        up1_0.updated_at,
        u1_0.id,
        u1_0.account_type,
        u1_0.created_at,
        u1_0.email,
        u1_0.karma_score,
        u1_0.last_marketing_post_at,
        u1_0.marketing_category,
        u1_0.password_hash,
        u1_0.phone,
        u1_0.status,
        u1_0.updated_at 
    from
        user_profile up1_0 
    join
        users u1_0 
            on u1_0.id=up1_0.user_id 
    where
        up1_0.user_id=?
Hibernate: 
    select
        up1_0.user_id,
        up1_0.alias,
        up1_0.avatar_url_alias,
        up1_0.avatar_url_real,
        up1_0.bio,
        up1_0.created_at,
        up1_0.default_radius_km,
        up1_0.dob,
        up1_0.home_geohash,
        up1_0.home_lat,
        up1_0.home_lon,
        up1_0.last_seen_at,
        up1_0.last_seen_lat,
        up1_0.last_seen_lon,
        up1_0.real_name,
        up1_0.trust_level,
        up1_0.trust_score,
        up1_0.updated_at,
        u1_0.id,
        u1_0.account_type,
        u1_0.created_at,
        u1_0.email,
        u1_0.karma_score,
        u1_0.last_marketing_post_at,
        u1_0.marketing_category,
        u1_0.password_hash,
        u1_0.phone,
        u1_0.status,
        u1_0.updated_at 
    from
        user_profile up1_0 
    join
        users u1_0 
            on u1_0.id=up1_0.user_id 
    where
        up1_0.user_id=?
Hibernate: 
    select
        up1_0.user_id,
        up1_0.alias,
        up1_0.avatar_url_alias,
        up1_0.avatar_url_real,
        up1_0.bio,
        up1_0.created_at,
        up1_0.default_radius_km,
        up1_0.dob,
        up1_0.home_geohash,
        up1_0.home_lat,
        up1_0.home_lon,
        up1_0.last_seen_at,
        up1_0.last_seen_lat,
        up1_0.last_seen_lon,
        up1_0.real_name,
        up1_0.trust_level,
        up1_0.trust_score,
        up1_0.updated_at,
        u1_0.id,
        u1_0.account_type,
        u1_0.created_at,
        u1_0.email,
        u1_0.karma_score,
        u1_0.last_marketing_post_at,
        u1_0.marketing_category,
        u1_0.password_hash,
        u1_0.phone,
        u1_0.status,
        u1_0.updated_at 
    from
        user_profile up1_0 
    join
        users u1_0 
            on u1_0.id=up1_0.user_id 
    where
        up1_0.user_id=?
Hibernate: 
    select
        up1_0.user_id,
        up1_0.alias,
        up1_0.avatar_url_alias,
        up1_0.avatar_url_real,
        up1_0.bio,
        up1_0.created_at,
        up1_0.default_radius_km,
        up1_0.dob,
        up1_0.home_geohash,
        up1_0.home_lat,
        up1_0.home_lon,
        up1_0.last_seen_at,
        up1_0.last_seen_lat,
        up1_0.last_seen_lon,
        up1_0.real_name,
        up1_0.trust_level,
        up1_0.trust_score,
        up1_0.updated_at,
        u1_0.id,
        u1_0.account_type,
        u1_0.created_at,
        u1_0.email,
        u1_0.karma_score,
        u1_0.last_marketing_post_at,
        u1_0.marketing_category,
        u1_0.password_hash,
        u1_0.phone,
        u1_0.status,
        u1_0.updated_at 
    from
        user_profile up1_0 
    join
        users u1_0 
            on u1_0.id=up1_0.user_id 
    where
        up1_0.user_id=?
Hibernate: 
    select
        up1_0.user_id,
        up1_0.alias,
        up1_0.avatar_url_alias,
        up1_0.avatar_url_real,
        up1_0.bio,
        up1_0.created_at,
        up1_0.default_radius_km,
        up1_0.dob,
        up1_0.home_geohash,
        up1_0.home_lat,
        up1_0.home_lon,
        up1_0.last_seen_at,
        up1_0.last_seen_lat,
        up1_0.last_seen_lon,
        up1_0.real_name,
        up1_0.trust_level,
        up1_0.trust_score,
        up1_0.updated_at,
        u1_0.id,
        u1_0.account_type,
        u1_0.created_at,
        u1_0.email,
        u1_0.karma_score,
        u1_0.last_marketing_post_at,
        u1_0.marketing_category,
        u1_0.password_hash,
        u1_0.phone,
        u1_0.status,
        u1_0.updated_at 
    from
        user_profile up1_0 
    join
        users u1_0 
            on u1_0.id=up1_0.user_id 
    where
        up1_0.user_id=?
Hibernate: 
    select
        up1_0.user_id,
        up1_0.alias,
        up1_0.avatar_url_alias,
        up1_0.avatar_url_real,
        up1_0.bio,
        up1_0.created_at,
        up1_0.default_radius_km,
        up1_0.dob,
        up1_0.home_geohash,
        up1_0.home_lat,
        up1_0.home_lon,
        up1_0.last_seen_at,
        up1_0.last_seen_lat,
        up1_0.last_seen_lon,
        up1_0.real_name,
        up1_0.trust_level,
        up1_0.trust_score,
        up1_0.updated_at,
        u1_0.id,
        u1_0.account_type,
        u1_0.created_at,
        u1_0.email,
        u1_0.karma_score,
        u1_0.last_marketing_post_at,
        u1_0.marketing_category,
        u1_0.password_hash,
        u1_0.phone,
        u1_0.status,
        u1_0.updated_at 
    from
        user_profile up1_0 
    join
        users u1_0 
            on u1_0.id=up1_0.user_id 
    where
        up1_0.user_id=?
Hibernate: 
    select
        up1_0.user_id,
        up1_0.alias,
        up1_0.avatar_url_alias,
        up1_0.avatar_url_real,
        up1_0.bio,
        up1_0.created_at,
        up1_0.default_radius_km,
        up1_0.dob,
        up1_0.home_geohash,
        up1_0.home_lat,
        up1_0.home_lon,
        up1_0.last_seen_at,
        up1_0.last_seen_lat,
        up1_0.last_seen_lon,
        up1_0.real_name,
        up1_0.trust_level,
        up1_0.trust_score,
        up1_0.updated_at,
        u1_0.id,
        u1_0.account_type,
        u1_0.created_at,
        u1_0.email,
        u1_0.karma_score,
        u1_0.last_marketing_post_at,
        u1_0.marketing_category,
        u1_0.password_hash,
        u1_0.phone,
        u1_0.status,
        u1_0.updated_at 
    from
        user_profile up1_0 
    join
        users u1_0 
            on u1_0.id=up1_0.user_id 
    where
        up1_0.user_id=?
Hibernate: 
    select
        up1_0.user_id,
        up1_0.alias,
        up1_0.avatar_url_alias,
        up1_0.avatar_url_real,
        up1_0.bio,
        up1_0.created_at,
        up1_0.default_radius_km,
        up1_0.dob,
        up1_0.home_geohash,
        up1_0.home_lat,
        up1_0.home_lon,
        up1_0.last_seen_at,
        up1_0.last_seen_lat,
        up1_0.last_seen_lon,
        up1_0.real_name,
        up1_0.trust_level,
        up1_0.trust_score,
        up1_0.updated_at,
        u1_0.id,
        u1_0.account_type,
        u1_0.created_at,
        u1_0.email,
        u1_0.karma_score,
        u1_0.last_marketing_post_at,
        u1_0.marketing_category,
        u1_0.password_hash,
        u1_0.phone,
        u1_0.status,
        u1_0.updated_at 
    from
        user_profile up1_0 
    join
        users u1_0 
            on u1_0.id=up1_0.user_id 
    where
        up1_0.user_id=?
Hibernate: 
    select
        up1_0.user_id,
        up1_0.alias,
        up1_0.avatar_url_alias,
        up1_0.avatar_url_real,
        up1_0.bio,
        up1_0.created_at,
        up1_0.default_radius_km,
        up1_0.dob,
        up1_0.home_geohash,
        up1_0.home_lat,
        up1_0.home_lon,
        up1_0.last_seen_at,
        up1_0.last_seen_lat,
        up1_0.last_seen_lon,
        up1_0.real_name,
        up1_0.trust_level,
        up1_0.trust_score,
        up1_0.updated_at,
        u1_0.id,
        u1_0.account_type,
        u1_0.created_at,
        u1_0.email,
        u1_0.karma_score,
        u1_0.last_marketing_post_at,
        u1_0.marketing_category,
        u1_0.password_hash,
        u1_0.phone,
        u1_0.status,
        u1_0.updated_at 
    from
        user_profile up1_0 
    join
        users u1_0 
            on u1_0.id=up1_0.user_id 
    where
        up1_0.user_id=?
Hibernate: 
    select
        up1_0.user_id,
        up1_0.alias,
        up1_0.avatar_url_alias,
        up1_0.avatar_url_real,
        up1_0.bio,
        up1_0.created_at,
        up1_0.default_radius_km,
        up1_0.dob,
        up1_0.home_geohash,
        up1_0.home_lat,
        up1_0.home_lon,
        up1_0.last_seen_at,
        up1_0.last_seen_lat,
        up1_0.last_seen_lon,
        up1_0.real_name,
        up1_0.trust_level,
        up1_0.trust_score,
        up1_0.updated_at,
        u1_0.id,
        u1_0.account_type,
        u1_0.created_at,
        u1_0.email,
        u1_0.karma_score,
        u1_0.last_marketing_post_at,
        u1_0.marketing_category,
        u1_0.password_hash,
        u1_0.phone,
        u1_0.status,
        u1_0.updated_at 
    from
        user_profile up1_0 
    join
        users u1_0 
            on u1_0.id=up1_0.user_id 
    where
        up1_0.user_id=?
Hibernate: 
    select
        up1_0.user_id,
        up1_0.alias,
        up1_0.avatar_url_alias,
        up1_0.avatar_url_real,
        up1_0.bio,
        up1_0.created_at,
        up1_0.default_radius_km,
        up1_0.dob,
        up1_0.home_geohash,
        up1_0.home_lat,
        up1_0.home_lon,
        up1_0.last_seen_at,
        up1_0.last_seen_lat,
        up1_0.last_seen_lon,
        up1_0.real_name,
        up1_0.trust_level,
        up1_0.trust_score,
        up1_0.updated_at,
        u1_0.id,
        u1_0.account_type,
        u1_0.created_at,
        u1_0.email,
        u1_0.karma_score,
        u1_0.last_marketing_post_at,
        u1_0.marketing_category,
        u1_0.password_hash,
        u1_0.phone,
        u1_0.status,
        u1_0.updated_at 
    from
        user_profile up1_0 
    join
        users u1_0 
            on u1_0.id=up1_0.user_id 
    where
        up1_0.user_id=?
Hibernate: 
    select
        up1_0.user_id,
        up1_0.alias,
        up1_0.avatar_url_alias,
        up1_0.avatar_url_real,
        up1_0.bio,
        up1_0.created_at,
        up1_0.default_radius_km,
        up1_0.dob,
        up1_0.home_geohash,
        up1_0.home_lat,
        up1_0.home_lon,
        up1_0.last_seen_at,
        up1_0.last_seen_lat,
        up1_0.last_seen_lon,
        up1_0.real_name,
        up1_0.trust_level,
        up1_0.trust_score,
        up1_0.updated_at,
        u1_0.id,
        u1_0.account_type,
        u1_0.created_at,
        u1_0.email,
        u1_0.karma_score,
        u1_0.last_marketing_post_at,
        u1_0.marketing_category,
        u1_0.password_hash,
        u1_0.phone,
        u1_0.status,
        u1_0.updated_at 
    from
        user_profile up1_0 
    join
        users u1_0 
            on u1_0.id=up1_0.user_id 
    where
        up1_0.user_id=?
Hibernate: 
    select
        up1_0.user_id,
        up1_0.alias,
        up1_0.avatar_url_alias,
        up1_0.avatar_url_real,
        up1_0.bio,
        up1_0.created_at,
        up1_0.default_radius_km,
        up1_0.dob,
        up1_0.home_geohash,
        up1_0.home_lat,
        up1_0.home_lon,
        up1_0.last_seen_at,
        up1_0.last_seen_lat,
        up1_0.last_seen_lon,
        up1_0.real_name,
        up1_0.trust_level,
        up1_0.trust_score,
        up1_0.updated_at,
        u1_0.id,
        u1_0.account_type,
        u1_0.created_at,
        u1_0.email,
        u1_0.karma_score,
        u1_0.last_marketing_post_at,
        u1_0.marketing_category,
        u1_0.password_hash,
        u1_0.phone,
        u1_0.status,
        u1_0.updated_at 
    from
        user_profile up1_0 
    join
        users u1_0 
            on u1_0.id=up1_0.user_id 
    where
        up1_0.user_id=?
Hibernate: 
    select
        up1_0.user_id,
        up1_0.alias,
        up1_0.avatar_url_alias,
        up1_0.avatar_url_real,
        up1_0.bio,
        up1_0.created_at,
        up1_0.default_radius_km,
        up1_0.dob,
        up1_0.home_geohash,
        up1_0.home_lat,
        up1_0.home_lon,
        up1_0.last_seen_at,
        up1_0.last_seen_lat,
        up1_0.last_seen_lon,
        up1_0.real_name,
        up1_0.trust_level,
        up1_0.trust_score,
        up1_0.updated_at,
        u1_0.id,
        u1_0.account_type,
        u1_0.created_at,
        u1_0.email,
        u1_0.karma_score,
        u1_0.last_marketing_post_at,
        u1_0.marketing_category,
        u1_0.password_hash,
        u1_0.phone,
        u1_0.status,
        u1_0.updated_at 
    from
        user_profile up1_0 
    join
        users u1_0 
            on u1_0.id=up1_0.user_id 
    where
        up1_0.user_id=?
Hibernate: 
    select
        up1_0.user_id,
        up1_0.alias,
        up1_0.avatar_url_alias,
        up1_0.avatar_url_real,
        up1_0.bio,
        up1_0.created_at,
        up1_0.default_radius_km,
        up1_0.dob,
        up1_0.home_geohash,
        up1_0.home_lat,
        up1_0.home_lon,
        up1_0.last_seen_at,
        up1_0.last_seen_lat,
        up1_0.last_seen_lon,
        up1_0.real_name,
        up1_0.trust_level,
        up1_0.trust_score,
        up1_0.updated_at,
        u1_0.id,
        u1_0.account_type,
        u1_0.created_at,
        u1_0.email,
        u1_0.karma_score,
        u1_0.last_marketing_post_at,
        u1_0.marketing_category,
        u1_0.password_hash,
        u1_0.phone,
        u1_0.status,
        u1_0.updated_at 
    from
        user_profile up1_0 
    join
        users u1_0 
            on u1_0.id=up1_0.user_id 
    where
        up1_0.user_id=?
Hibernate: 
    select
        up1_0.user_id,
        up1_0.alias,
        up1_0.avatar_url_alias,
        up1_0.avatar_url_real,
        up1_0.bio,
        up1_0.created_at,
        up1_0.default_radius_km,
        up1_0.dob,
        up1_0.home_geohash,
        up1_0.home_lat,
        up1_0.home_lon,
        up1_0.last_seen_at,
        up1_0.last_seen_lat,
        up1_0.last_seen_lon,
        up1_0.real_name,
        up1_0.trust_level,
        up1_0.trust_score,
        up1_0.updated_at,
        u1_0.id,
        u1_0.account_type,
        u1_0.created_at,
        u1_0.email,
        u1_0.karma_score,
        u1_0.last_marketing_post_at,
        u1_0.marketing_category,
        u1_0.password_hash,
        u1_0.phone,
        u1_0.status,
        u1_0.updated_at 
    from
        user_profile up1_0 
    join
        users u1_0 
            on u1_0.id=up1_0.user_id 
    where
        up1_0.user_id=?
Hibernate: 
    select
        up1_0.user_id,
        up1_0.alias,
        up1_0.avatar_url_alias,
        up1_0.avatar_url_real,
        up1_0.bio,
        up1_0.created_at,
        up1_0.default_radius_km,
        up1_0.dob,
        up1_0.home_geohash,
        up1_0.home_lat,
        up1_0.home_lon,
        up1_0.last_seen_at,
        up1_0.last_seen_lat,
        up1_0.last_seen_lon,
        up1_0.real_name,
        up1_0.trust_level,
        up1_0.trust_score,
        up1_0.updated_at,
        u1_0.id,
        u1_0.account_type,
        u1_0.created_at,
        u1_0.email,
        u1_0.karma_score,
        u1_0.last_marketing_post_at,
        u1_0.marketing_category,
        u1_0.password_hash,
        u1_0.phone,
        u1_0.status,
        u1_0.updated_at 
    from
        user_profile up1_0 
    join
        users u1_0 
            on u1_0.id=up1_0.user_id 
    where
        up1_0.user_id=?
Hibernate: 
    select
        up1_0.user_id,
        up1_0.alias,
        up1_0.avatar_url_alias,
        up1_0.avatar_url_real,
        up1_0.bio,
        up1_0.created_at,
        up1_0.default_radius_km,
        up1_0.dob,
        up1_0.home_geohash,
        up1_0.home_lat,
        up1_0.home_lon,
        up1_0.last_seen_at,
        up1_0.last_seen_lat,
        up1_0.last_seen_lon,
        up1_0.real_name,
        up1_0.trust_level,
        up1_0.trust_score,
        up1_0.updated_at,
        u1_0.id,
        u1_0.account_type,
        u1_0.created_at,
        u1_0.email,
        u1_0.karma_score,
        u1_0.last_marketing_post_at,
        u1_0.marketing_category,
        u1_0.password_hash,
        u1_0.phone,
        u1_0.status,
        u1_0.updated_at 
    from
        user_profile up1_0 
    join
        users u1_0 
            on u1_0.id=up1_0.user_id 
    where
        up1_0.user_id=?
Hibernate: 
    select
        up1_0.user_id,
        up1_0.alias,
        up1_0.avatar_url_alias,
        up1_0.avatar_url_real,
        up1_0.bio,
        up1_0.created_at,
        up1_0.default_radius_km,
        up1_0.dob,
        up1_0.home_geohash,
        up1_0.home_lat,
        up1_0.home_lon,
        up1_0.last_seen_at,
        up1_0.last_seen_lat,
        up1_0.last_seen_lon,
        up1_0.real_name,
        up1_0.trust_level,
        up1_0.trust_score,
        up1_0.updated_at,
        u1_0.id,
        u1_0.account_type,
        u1_0.created_at,
        u1_0.email,
        u1_0.karma_score,
        u1_0.last_marketing_post_at,
        u1_0.marketing_category,
        u1_0.password_hash,
        u1_0.phone,
        u1_0.status,
        u1_0.updated_at 
    from
        user_profile up1_0 
    join
        users u1_0 
            on u1_0.id=up1_0.user_id 
    where
        up1_0.user_id=?
Hibernate: 
    select
        up1_0.user_id,
        up1_0.alias,
        up1_0.avatar_url_alias,
        up1_0.avatar_url_real,
        up1_0.bio,
        up1_0.created_at,
        up1_0.default_radius_km,
        up1_0.dob,
        up1_0.home_geohash,
        up1_0.home_lat,
        up1_0.home_lon,
        up1_0.last_seen_at,
        up1_0.last_seen_lat,
        up1_0.last_seen_lon,
        up1_0.real_name,
        up1_0.trust_level,
        up1_0.trust_score,
        up1_0.updated_at,
        u1_0.id,
        u1_0.account_type,
        u1_0.created_at,
        u1_0.email,
        u1_0.karma_score,
        u1_0.last_marketing_post_at,
        u1_0.marketing_category,
        u1_0.password_hash,
        u1_0.phone,
        u1_0.status,
        u1_0.updated_at 
    from
        user_profile up1_0 
    join
        users u1_0 
            on u1_0.id=up1_0.user_id 
    where
        up1_0.user_id=?
Hibernate: 
    select
        up1_0.user_id,
        up1_0.alias,
        up1_0.avatar_url_alias,
        up1_0.avatar_url_real,
        up1_0.bio,
        up1_0.created_at,
        up1_0.default_radius_km,
        up1_0.dob,
        up1_0.home_geohash,
        up1_0.home_lat,
        up1_0.home_lon,
        up1_0.last_seen_at,
        up1_0.last_seen_lat,
        up1_0.last_seen_lon,
        up1_0.real_name,
        up1_0.trust_level,
        up1_0.trust_score,
        up1_0.updated_at,
        u1_0.id,
        u1_0.account_type,
        u1_0.created_at,
        u1_0.email,
        u1_0.karma_score,
        u1_0.last_marketing_post_at,
        u1_0.marketing_category,
        u1_0.password_hash,
        u1_0.phone,
        u1_0.status,
        u1_0.updated_at 
    from
        user_profile up1_0 
    join
        users u1_0 
            on u1_0.id=up1_0.user_id 
    where
        up1_0.user_id=?
Hibernate: 
    select
        up1_0.user_id,
        up1_0.alias,
        up1_0.avatar_url_alias,
        up1_0.avatar_url_real,
        up1_0.bio,
        up1_0.created_at,
        up1_0.default_radius_km,
        up1_0.dob,
        up1_0.home_geohash,
        up1_0.home_lat,
        up1_0.home_lon,
        up1_0.last_seen_at,
        up1_0.last_seen_lat,
        up1_0.last_seen_lon,
        up1_0.real_name,
        up1_0.trust_level,
        up1_0.trust_score,
        up1_0.updated_at,
        u1_0.id,
        u1_0.account_type,
        u1_0.created_at,
        u1_0.email,
        u1_0.karma_score,
        u1_0.last_marketing_post_at,
        u1_0.marketing_category,
        u1_0.password_hash,
        u1_0.phone,
        u1_0.status,
        u1_0.updated_at 
    from
        user_profile up1_0 
    join
        users u1_0 
            on u1_0.id=up1_0.user_id 
    where
        up1_0.user_id=?
Hibernate: 
    select
        up1_0.user_id,
        up1_0.alias,
        up1_0.avatar_url_alias,
        up1_0.avatar_url_real,
        up1_0.bio,
        up1_0.created_at,
        up1_0.default_radius_km,
        up1_0.dob,
        up1_0.home_geohash,
        up1_0.home_lat,
        up1_0.home_lon,
        up1_0.last_seen_at,
        up1_0.last_seen_lat,
        up1_0.last_seen_lon,
        up1_0.real_name,
        up1_0.trust_level,
        up1_0.trust_score,
        up1_0.updated_at,
        u1_0.id,
        u1_0.account_type,
        u1_0.created_at,
        u1_0.email,
        u1_0.karma_score,
        u1_0.last_marketing_post_at,
        u1_0.marketing_category,
        u1_0.password_hash,
        u1_0.phone,
        u1_0.status,
        u1_0.updated_at 
    from
        user_profile up1_0 
    join
        users u1_0 
            on u1_0.id=up1_0.user_id 
    where
        up1_0.user_id=?
Hibernate: 
    select
        up1_0.user_id,
        up1_0.alias,
        up1_0.avatar_url_alias,
        up1_0.avatar_url_real,
        up1_0.bio,
        up1_0.created_at,
        up1_0.default_radius_km,
        up1_0.dob,
        up1_0.home_geohash,
        up1_0.home_lat,
        up1_0.home_lon,
        up1_0.last_seen_at,
        up1_0.last_seen_lat,
        up1_0.last_seen_lon,
        up1_0.real_name,
        up1_0.trust_level,
        up1_0.trust_score,
        up1_0.updated_at,
        u1_0.id,
        u1_0.account_type,
        u1_0.created_at,
        u1_0.email,
        u1_0.karma_score,
        u1_0.last_marketing_post_at,
        u1_0.marketing_category,
        u1_0.password_hash,
        u1_0.phone,
        u1_0.status,
        u1_0.updated_at 
    from
        user_profile up1_0 
    join
        users u1_0 
            on u1_0.id=up1_0.user_id 
    where
        up1_0.user_id=?
Hibernate: 
    select
        up1_0.user_id,
        up1_0.alias,
        up1_0.avatar_url_alias,
        up1_0.avatar_url_real,
        up1_0.bio,
        up1_0.created_at,
        up1_0.default_radius_km,
        up1_0.dob,
        up1_0.home_geohash,
        up1_0.home_lat,
        up1_0.home_lon,
        up1_0.last_seen_at,
        up1_0.last_seen_lat,
        up1_0.last_seen_lon,
        up1_0.real_name,
        up1_0.trust_level,
        up1_0.trust_score,
        up1_0.updated_at,
        u1_0.id,
        u1_0.account_type,
        u1_0.created_at,
        u1_0.email,
        u1_0.karma_score,
        u1_0.last_marketing_post_at,
        u1_0.marketing_category,
        u1_0.password_hash,
        u1_0.phone,
        u1_0.status,
        u1_0.updated_at 
    from
        user_profile up1_0 
    join
        users u1_0 
            on u1_0.id=up1_0.user_id 
    where
        up1_0.user_id=?
Hibernate: 
    select
        up1_0.user_id,
        up1_0.alias,
        up1_0.avatar_url_alias,
        up1_0.avatar_url_real,
        up1_0.bio,
        up1_0.created_at,
        up1_0.default_radius_km,
        up1_0.dob,
        up1_0.home_geohash,
        up1_0.home_lat,
        up1_0.home_lon,
        up1_0.last_seen_at,
        up1_0.last_seen_lat,
        up1_0.last_seen_lon,
        up1_0.real_name,
        up1_0.trust_level,
        up1_0.trust_score,
        up1_0.updated_at,
        u1_0.id,
        u1_0.account_type,
        u1_0.created_at,
        u1_0.email,
        u1_0.karma_score,
        u1_0.last_marketing_post_at,
        u1_0.marketing_category,
        u1_0.password_hash,
        u1_0.phone,
        u1_0.status,
        u1_0.updated_at 
    from
        user_profile up1_0 
    join
        users u1_0 
            on u1_0.id=up1_0.user_id 
    where
        up1_0.user_id=?
Hibernate: 
    select
        up1_0.user_id,
        up1_0.alias,
        up1_0.avatar_url_alias,
        up1_0.avatar_url_real,
        up1_0.bio,
        up1_0.created_at,
        up1_0.default_radius_km,
        up1_0.dob,
        up1_0.home_geohash,
        up1_0.home_lat,
        up1_0.home_lon,
        up1_0.last_seen_at,
        up1_0.last_seen_lat,
        up1_0.last_seen_lon,
        up1_0.real_name,
        up1_0.trust_level,
        up1_0.trust_score,
        up1_0.updated_at,
        u1_0.id,
        u1_0.account_type,
        u1_0.created_at,
        u1_0.email,
        u1_0.karma_score,
        u1_0.last_marketing_post_at,
        u1_0.marketing_category,
        u1_0.password_hash,
        u1_0.phone,
        u1_0.status,
        u1_0.updated_at 
    from
        user_profile up1_0 
    join
        users u1_0 
            on u1_0.id=up1_0.user_id 
    where
        up1_0.user_id=?
Hibernate: 
    select
        up1_0.user_id,
        up1_0.alias,
        up1_0.avatar_url_alias,
        up1_0.avatar_url_real,
        up1_0.bio,
        up1_0.created_at,
        up1_0.default_radius_km,
        up1_0.dob,
        up1_0.home_geohash,
        up1_0.home_lat,
        up1_0.home_lon,
        up1_0.last_seen_at,
        up1_0.last_seen_lat,
        up1_0.last_seen_lon,
        up1_0.real_name,
        up1_0.trust_level,
        up1_0.trust_score,
        up1_0.updated_at,
        u1_0.id,
        u1_0.account_type,
        u1_0.created_at,
        u1_0.email,
        u1_0.karma_score,
        u1_0.last_marketing_post_at,
        u1_0.marketing_category,
        u1_0.password_hash,
        u1_0.phone,
        u1_0.status,
        u1_0.updated_at 
    from
        user_profile up1_0 
    join
        users u1_0 
            on u1_0.id=up1_0.user_id 
    where
        up1_0.user_id=?
Hibernate: 
    select
        up1_0.user_id,
        up1_0.alias,
        up1_0.avatar_url_alias,
        up1_0.avatar_url_real,
        up1_0.bio,
        up1_0.created_at,
        up1_0.default_radius_km,
        up1_0.dob,
        up1_0.home_geohash,
        up1_0.home_lat,
        up1_0.home_lon,
        up1_0.last_seen_at,
        up1_0.last_seen_lat,
        up1_0.last_seen_lon,
        up1_0.real_name,
        up1_0.trust_level,
        up1_0.trust_score,
        up1_0.updated_at,
        u1_0.id,
        u1_0.account_type,
        u1_0.created_at,
        u1_0.email,
        u1_0.karma_score,
        u1_0.last_marketing_post_at,
        u1_0.marketing_category,
        u1_0.password_hash,
        u1_0.phone,
        u1_0.status,
        u1_0.updated_at 
    from
        user_profile up1_0 
    join
        users u1_0 
            on u1_0.id=up1_0.user_id 
    where
        up1_0.user_id=?
Hibernate: 
    delete 
    from
        user_interest 
    where
        user_id=?
Hibernate: 
    delete 
    from
        user_interest 
    where
        user_id=?
Hibernate: 
    delete 
    from
        user_interest 
    where
        user_id=?
Hibernate: 
    delete 
    from
        user_interest 
    where
        user_id=?
Hibernate: 
    delete 
    from
        user_interest 
    where
        user_id=?
Hibernate: 
    delete 
    from
        user_interest 
    where
        user_id=?
Hibernate: 
    delete 
    from
        user_interest 
    where
        user_id=?
Hibernate: 
    delete 
    from
        user_interest 
    where
        user_id=?
Hibernate: 
    delete 
    from
        user_interest 
    where
        user_id=?
Hibernate: 
    delete 
    from
        user_interest 
    where
        user_id=?
Hibernate: 
    delete 
    from
        user_interest 
    where
        user_id=?
Hibernate: 
    delete 
    from
        user_interest 
    where
        user_id=?
Hibernate: 
    delete 
    from
        user_interest 
    where
        user_id=?
Hibernate: 
    delete 
    from
        user_interest 
    where
        user_id=?
Hibernate: 
    delete 
    from
        user_interest 
    where
        user_id=?
Hibernate: 
    delete 
    from
        user_interest 
    where
        user_id=?
Hibernate: 
    delete 
    from
        user_interest 
    where
        user_id=?
Hibernate: 
    delete 
    from
        user_interest 
    where
        user_id=?
Hibernate: 
    delete 
    from
        user_interest 
    where
        user_id=?
Hibernate: 
    delete 
    from
        user_interest 
    where
        user_id=?
Hibernate: 
    delete 
    from
        user_interest 
    where
        user_id=?
Hibernate: 
    delete 
    from
        user_interest 
    where
        user_id=?
Hibernate: 
    delete 
    from
        user_interest 
    where
        user_id=?
Hibernate: 
    delete 
    from
        user_interest 
    where
        user_id=?
Hibernate: 
    delete 
    from
        user_interest 
    where
        user_id=?
Hibernate: 
    delete 
    from
        user_interest 
    where
        user_id=?
Hibernate: 
    delete 
    from
        user_interest 
    where
        user_id=?
Hibernate: 
    delete 
    from
        user_interest 
    where
        user_id=?
Hibernate: 
    delete 
    from
        user_interest 
    where
        user_id=?
Hibernate: 
    delete 
    from
        user_interest 
    where
        user_id=?
Hibernate: 
    delete 
    from
        user_interest 
    where
        user_id=?
Hibernate: 
    delete 
    from
        user_interest 
    where
        user_id=?
Hibernate: 
    delete 
    from
        user_interest 
    where
        user_id=?
Hibernate: 
    delete 
    from
        user_interest 
    where
        user_id=?
Hibernate: 
    delete 
    from
        user_interest 
    where
        user_id=?
Hibernate: 
    delete 
    from
        user_interest 
    where
        user_id=?
Hibernate: 
    delete 
    from
        user_interest 
    where
        user_id=?
Hibernate: 
    delete 
    from
        user_interest 
    where
        user_id=?
Hibernate: 
    delete 
    from
        user_interest 
    where
        user_id=?
Hibernate: 
    delete 
    from
        user_interest 
    where
        user_id=?
Hibernate: 
    delete 
    from
        user_interest 
    where
        user_id=?
Hibernate: 
    delete 
    from
        user_interest 
    where
        user_id=?
Hibernate: 
    delete 
    from
        user_interest 
    where
        user_id=?
Hibernate: 
    delete 
    from
        user_interest 
    where
        user_id=?
Hibernate: 
    delete 
    from
        user_interest 
    where
        user_id=?
Hibernate: 
    delete 
    from
        user_interest 
    where
        user_id=?
Hibernate: 
    delete 
    from
        user_interest 
    where
        user_id=?
Hibernate: 
    delete 
    from
        user_interest 
    where
        user_id=?
Hibernate: 
    delete 
    from
        user_interest 
    where
        user_id=?
Hibernate: 
    delete 
    from
        user_interest 
    where
        user_id=?
Hibernate: 
    delete 
    from
        user_interest 
    where
        user_id=?
Hibernate: 
    delete 
    from
        user_interest 
    where
        user_id=?
Hibernate: 
    delete 
    from
        user_interest 
    where
        user_id=?
Hibernate: 
    delete 
    from
        user_interest 
    where
        user_id=?
Hibernate: 
    delete 
    from
        user_interest 
    where
        user_id=?
Hibernate: 
    delete 
    from
        user_interest 
    where
        user_id=?
Hibernate: 
    delete 
    from
        user_interest 
    where
        user_id=?
Hibernate: 
    delete 
    from
        user_profile 
    where
        user_id=?
Hibernate: 
    delete 
    from
        users 
    where
        id=?
Hibernate: 
    delete 
    from
        user_profile 
    where
        user_id=?
Hibernate: 
    delete 
    from
        users 
    where
        id=?
Hibernate: 
    delete 
    from
        user_profile 
    where
        user_id=?
Hibernate: 
    delete 
    from
        users 
    where
        id=?
Hibernate: 
    delete 
    from
        user_profile 
    where
        user_id=?
Hibernate: 
    delete 
    from
        users 
    where
        id=?
Hibernate: 
    delete 
    from
        user_profile 
    where
        user_id=?
Hibernate: 
    delete 
    from
        users 
    where
        id=?
Hibernate: 
    delete 
    from
        user_profile 
    where
        user_id=?
Hibernate: 
    delete 
    from
        users 
    where
        id=?
Hibernate: 
    delete 
    from
        user_profile 
    where
        user_id=?
Hibernate: 
    delete 
    from
        users 
    where
        id=?
Hibernate: 
    delete 
    from
        user_profile 
    where
        user_id=?
Hibernate: 
    delete 
    from
        users 
    where
        id=?
Hibernate: 
    delete 
    from
        user_profile 
    where
        user_id=?
Hibernate: 
    delete 
    from
        users 
    where
        id=?
Hibernate: 
    delete 
    from
        user_profile 
    where
        user_id=?
Hibernate: 
    delete 
    from
        users 
    where
        id=?
Hibernate: 
    delete 
    from
        user_profile 
    where
        user_id=?
Hibernate: 
    delete 
    from
        users 
    where
        id=?
Hibernate: 
    delete 
    from
        users 
    where
        id=?
Hibernate: 
    delete 
    from
        user_profile 
    where
        user_id=?
Hibernate: 
    delete 
    from
        users 
    where
        id=?
Hibernate: 
    delete 
    from
        users 
    where
        id=?
Hibernate: 
    delete 
    from
        user_profile 
    where
        user_id=?
Hibernate: 
    delete 
    from
        users 
    where
        id=?
Hibernate: 
    delete 
    from
        user_profile 
    where
        user_id=?
Hibernate: 
    delete 
    from
        users 
    where
        id=?
Hibernate: 
    delete 
    from
        user_profile 
    where
        user_id=?
Hibernate: 
    delete 
    from
        users 
    where
        id=?
Hibernate: 
    delete 
    from
        user_profile 
    where
        user_id=?
Hibernate: 
    delete 
    from
        users 
    where
        id=?
Hibernate: 
    delete 
    from
        user_profile 
    where
        user_id=?
Hibernate: 
    delete 
    from
        users 
    where
        id=?
Hibernate: 
    delete 
    from
        user_profile 
    where
        user_id=?
Hibernate: 
    delete 
    from
        users 
    where
        id=?
Hibernate: 
    delete 
    from
        user_profile 
    where
        user_id=?
Hibernate: 
    delete 
    from
        users 
    where
        id=?
Hibernate: 
    delete 
    from
        user_profile 
    where
        user_id=?
Hibernate: 
    delete 
    from
        users 
    where
        id=?
Hibernate: 
    delete 
    from
        user_profile 
    where
        user_id=?
Hibernate: 
    delete 
    from
        users 
    where
        id=?
Hibernate: 
    delete 
    from
        user_profile 
    where
        user_id=?
Hibernate: 
    delete 
    from
        users 
    where
        id=?
Hibernate: 
    delete 
    from
        user_profile 
    where
        user_id=?
Hibernate: 
    delete 
    from
        users 
    where
        id=?
Hibernate: 
    delete 
    from
        user_profile 
    where
        user_id=?
Hibernate: 
    delete 
    from
        users 
    where
        id=?
Hibernate: 
    delete 
    from
        user_profile 
    where
        user_id=?
Hibernate: 
    delete 
    from
        users 
    where
        id=?
Hibernate: 
    delete 
    from
        user_profile 
    where
        user_id=?
Hibernate: 
    delete 
    from
        users 
    where
        id=?
Hibernate: 
    delete 
    from
        user_profile 
    where
        user_id=?
Hibernate: 
    delete 
    from
        users 
    where
        id=?
Hibernate: 
    delete 
    from
        user_profile 
    where
        user_id=?
Hibernate: 
    delete 
    from
        users 
    where
        id=?
Hibernate: 
    delete 
    from
        user_profile 
    where
        user_id=?
Hibernate: 
    delete 
    from
        users 
    where
        id=?
Hibernate: 
    delete 
    from
        user_profile 
    where
        user_id=?
Hibernate: 
    delete 
    from
        users 
    where
        id=?
Hibernate: 
    delete 
    from
        user_profile 
    where
        user_id=?
Hibernate: 
    delete 
    from
        users 
    where
        id=?
Hibernate: 
    delete 
    from
        user_profile 
    where
        user_id=?
Hibernate: 
    delete 
    from
        users 
    where
        id=?
Hibernate: 
    delete 
    from
        user_profile 
    where
        user_id=?
Hibernate: 
    delete 
    from
        users 
    where
        id=?
Hibernate: 
    delete 
    from
        user_profile 
    where
        user_id=?
Hibernate: 
    delete 
    from
        users 
    where
        id=?
Hibernate: 
    delete 
    from
        user_profile 
    where
        user_id=?
Hibernate: 
    delete 
    from
        users 
    where
        id=?
Hibernate: 
    delete 
    from
        user_profile 
    where
        user_id=?
Hibernate: 
    delete 
    from
        users 
    where
        id=?
Hibernate: 
    delete 
    from
        user_profile 
    where
        user_id=?
Hibernate: 
    delete 
    from
        users 
    where
        id=?
Hibernate: 
    delete 
    from
        user_profile 
    where
        user_id=?
Hibernate: 
    delete 
    from
        users 
    where
        id=?
Hibernate: 
    delete 
    from
        user_profile 
    where
        user_id=?
Hibernate: 
    delete 
    from
        users 
    where
        id=?
Hibernate: 
    delete 
    from
        user_profile 
    where
        user_id=?
Hibernate: 
    delete 
    from
        users 
    where
        id=?
Hibernate: 
    delete 
    from
        user_profile 
    where
        user_id=?
Hibernate: 
    delete 
    from
        users 
    where
        id=?
Hibernate: 
    delete 
    from
        user_profile 
    where
        user_id=?
Hibernate: 
    delete 
    from
        users 
    where
        id=?
Hibernate: 
    delete 
    from
        user_profile 
    where
        user_id=?
Hibernate: 
    delete 
    from
        users 
    where
        id=?
Hibernate: 
    delete 
    from
        user_profile 
    where
        user_id=?
Hibernate: 
    delete 
    from
        users 
    where
        id=?
Hibernate: 
    delete 
    from
        user_profile 
    where
        user_id=?
Hibernate: 
    delete 
    from
        users 
    where
        id=?
Hibernate: 
    delete 
    from
        user_profile 
    where
        user_id=?
Hibernate: 
    delete 
    from
        users 
    where
        id=?
Hibernate: 
    delete 
    from
        user_profile 
    where
        user_id=?
Hibernate: 
    delete 
    from
        users 
    where
        id=?
Hibernate: 
    delete 
    from
        user_profile 
    where
        user_id=?
Hibernate: 
    delete 
    from
        users 
    where
        id=?
Hibernate: 
    delete 
    from
        user_profile 
    where
        user_id=?
Hibernate: 
    delete 
    from
        users 
    where
        id=?
Hibernate: 
    delete 
    from
        user_profile 
    where
        user_id=?
Hibernate: 
    delete 
    from
        users 
    where
        id=?
Hibernate: 
    delete 
    from
        user_profile 
    where
        user_id=?
Hibernate: 
    delete 
    from
        users 
    where
        id=?
Hibernate: 
    delete 
    from
        user_profile 
    where
        user_id=?
Hibernate: 
    delete 
    from
        users 
    where
        id=?
Hibernate: 
    delete 
    from
        user_profile 
    where
        user_id=?
Hibernate: 
    delete 
    from
        users 
    where
        id=?
Hibernate: 
    delete 
    from
        user_profile 
    where
        user_id=?
Hibernate: 
    delete 
    from
        users 
    where
        id=?
Hibernate: 
    delete 
    from
        user_profile 
    where
        user_id=?
Hibernate: 
    delete 
    from
        users 
    where
        id=?
Hibernate: 
    delete 
    from
        user_profile 
    where
        user_id=?
Hibernate: 
    delete 
    from
        users 
    where
        id=?
Hibernate: 
    delete 
    from
        user_profile 
    where
        user_id=?
Hibernate: 
    delete 
    from
        users 
    where
        id=?
Hibernate: 
    insert 
    into
        users
        (account_type, created_at, email, karma_score, last_marketing_post_at, marketing_category, password_hash, phone, status, updated_at, id) 
    values
        (?, ?, ?, ?, ?, ?, ?, ?, ?, ?, ?)
Hibernate: 
    insert 
    into
        users
        (account_type, created_at, email, karma_score, last_marketing_post_at, marketing_category, password_hash, phone, status, updated_at, id) 
    values
        (?, ?, ?, ?, ?, ?, ?, ?, ?, ?, ?)
Hibernate: 
    select
        u1_0.id,
        u1_0.account_type,
        u1_0.created_at,
        u1_0.email,
        u1_0.karma_score,
        u1_0.last_marketing_post_at,
        u1_0.marketing_category,
        u1_0.password_hash,
        u1_0.phone,
        u1_0.status,
        u1_0.updated_at 
    from
        users u1_0 
    where
        u1_0.id=?
Hibernate: 
    select
        up1_0.user_id,
        up1_0.alias,
        up1_0.avatar_url_alias,
        up1_0.avatar_url_real,
        up1_0.bio,
        up1_0.created_at,
        up1_0.default_radius_km,
        up1_0.dob,
        up1_0.home_geohash,
        up1_0.home_lat,
        up1_0.home_lon,
        up1_0.last_seen_at,
        up1_0.last_seen_lat,
        up1_0.last_seen_lon,
        up1_0.real_name,
        up1_0.trust_level,
        up1_0.trust_score,
        up1_0.updated_at,
        u1_0.id,
        u1_0.account_type,
        u1_0.created_at,
        u1_0.email,
        u1_0.karma_score,
        u1_0.last_marketing_post_at,
        u1_0.marketing_category,
        u1_0.password_hash,
        u1_0.phone,
        u1_0.status,
        u1_0.updated_at 
    from
        user_profile up1_0 
    join
        users u1_0 
            on u1_0.id=up1_0.user_id 
    where
        up1_0.user_id=?
Hibernate: 
    insert 
    into
        huddle
        (created_at, creator_id, deleted_at, description, end_time, gender_filter, geohash, lat, location_name, lon, max_participants, start_time, status, title, updated_at, id) 
    values
        (?, ?, ?, ?, ?, ?, ?, ?, ?, ?, ?, ?, ?, ?, ?, ?)
Hibernate: 
    select
        count(hp1_0.id) 
    from
        huddle_participant hp1_0 
    left join
        huddle h1_0 
            on h1_0.id=hp1_0.huddle_id 
    where
        h1_0.id=? 
        and hp1_0.status=?
Hibernate: 
    select
        hp1_0.id,
        hp1_0.huddle_id,
        hp1_0.joined_at,
        hp1_0.status,
        hp1_0.user_id 
    from
        huddle_participant hp1_0 
    left join
        huddle h1_0 
            on h1_0.id=hp1_0.huddle_id 
    left join
        users u1_0 
            on u1_0.id=hp1_0.user_id 
    where
        h1_0.id=? 
        and u1_0.id=?
Hibernate: 
    insert 
    into
        huddle_participant
        (huddle_id, joined_at, status, user_id, id) 
    values
        (?, ?, ?, ?, ?)
Hibernate: 
    select
        count(hp1_0.id) 
    from
        huddle_participant hp1_0 
    left join
        huddle h1_0 
            on h1_0.id=hp1_0.huddle_id 
    where
        h1_0.id=? 
        and hp1_0.status=?
Hibernate: 
    select
        hp1_0.id 
    from
        huddle_participant hp1_0 
    left join
        huddle h1_0 
            on h1_0.id=hp1_0.huddle_id 
    left join
        users u1_0 
            on u1_0.id=hp1_0.user_id 
    where
        h1_0.id=? 
        and u1_0.id=? 
        and hp1_0.status=? 
    fetch
        first ? rows only
Hibernate: 
    select
        h1_0.id,
        h1_0.created_at,
        h1_0.creator_id,
        h1_0.deleted_at,
        h1_0.description,
        h1_0.end_time,
        h1_0.gender_filter,
        h1_0.geohash,
        h1_0.lat,
        h1_0.location_name,
        h1_0.lon,
        h1_0.max_participants,
        h1_0.start_time,
        h1_0.status,
        h1_0.title,
        h1_0.updated_at 
    from
        huddle h1_0 
    where
        h1_0.id=?
Hibernate: 
    select
        h1_0.id,
        h1_0.created_at,
        h1_0.creator_id,
        h1_0.deleted_at,
        h1_0.description,
        h1_0.end_time,
        h1_0.gender_filter,
        h1_0.geohash,
        h1_0.lat,
        h1_0.location_name,
        h1_0.lon,
        h1_0.max_participants,
        h1_0.start_time,
        h1_0.status,
        h1_0.title,
        h1_0.updated_at 
    from
        huddle h1_0 
    where
        h1_0.id=?
Hibernate: 
    select
        count(hp1_0.id) 
    from
        huddle_participant hp1_0 
    left join
        huddle h1_0 
            on h1_0.id=hp1_0.huddle_id 
    where
        h1_0.id=? 
        and hp1_0.status=?
Hibernate: 
    select
        u1_0.id,
        u1_0.account_type,
        u1_0.created_at,
        u1_0.email,
        u1_0.karma_score,
        u1_0.last_marketing_post_at,
        u1_0.marketing_category,
        u1_0.password_hash,
        u1_0.phone,
        u1_0.status,
        u1_0.updated_at 
    from
        users u1_0 
    where
        u1_0.id=?
Hibernate: 
    select
        up1_0.user_id,
        up1_0.alias,
        up1_0.avatar_url_alias,
        up1_0.avatar_url_real,
        up1_0.bio,
        up1_0.created_at,
        up1_0.default_radius_km,
        up1_0.dob,
        up1_0.home_geohash,
        up1_0.home_lat,
        up1_0.home_lon,
        up1_0.last_seen_at,
        up1_0.last_seen_lat,
        up1_0.last_seen_lon,
        up1_0.real_name,
        up1_0.trust_level,
        up1_0.trust_score,
        up1_0.updated_at,
        u1_0.id,
        u1_0.account_type,
        u1_0.created_at,
        u1_0.email,
        u1_0.karma_score,
        u1_0.last_marketing_post_at,
        u1_0.marketing_category,
        u1_0.password_hash,
        u1_0.phone,
        u1_0.status,
        u1_0.updated_at 
    from
        user_profile up1_0 
    join
        users u1_0 
            on u1_0.id=up1_0.user_id 
    where
        up1_0.user_id=?
Hibernate: 
    select
        hp1_0.id,
        hp1_0.huddle_id,
        hp1_0.joined_at,
        hp1_0.status,
        hp1_0.user_id 
    from
        huddle_participant hp1_0 
    left join
        huddle h1_0 
            on h1_0.id=hp1_0.huddle_id 
    left join
        users u1_0 
            on u1_0.id=hp1_0.user_id 
    where
        h1_0.id=? 
        and u1_0.id=?
Hibernate: 
    insert 
    into
        huddle_participant
        (huddle_id, joined_at, status, user_id, id) 
    values
        (?, ?, ?, ?, ?)
Hibernate: 
    select
        hp1_0.id 
    from
        huddle_participant hp1_0 
    left join
        huddle h1_0 
            on h1_0.id=hp1_0.huddle_id 
    left join
        users u1_0 
            on u1_0.id=hp1_0.user_id 
    where
        h1_0.id=? 
        and u1_0.id=? 
        and hp1_0.status=? 
    fetch
        first ? rows only
Hibernate: 
    select
        hp1_0.id 
    from
        huddle_participant hp1_0 
    left join
        huddle h1_0 
            on h1_0.id=hp1_0.huddle_id 
    left join
        users u1_0 
            on u1_0.id=hp1_0.user_id 
    where
        h1_0.id=? 
        and u1_0.id=? 
        and hp1_0.status=? 
    fetch
        first ? rows only
Hibernate: 
    select
        vc1_0.id 
    from
        vibe_checks vc1_0 
    left join
        users r1_0 
            on r1_0.id=vc1_0.reviewer_id 
    left join
        users r2_0 
            on r2_0.id=vc1_0.reviewee_id 
    left join
        huddle h1_0 
            on h1_0.id=vc1_0.huddle_id 
    where
        r1_0.id=? 
        and r2_0.id=? 
        and h1_0.id=? 
    fetch
        first ? rows only
Hibernate: 
    select
        h1_0.id,
        h1_0.created_at,
        h1_0.creator_id,
        h1_0.deleted_at,
        h1_0.description,
        h1_0.end_time,
        h1_0.gender_filter,
        h1_0.geohash,
        h1_0.lat,
        h1_0.location_name,
        h1_0.lon,
        h1_0.max_participants,
        h1_0.start_time,
        h1_0.status,
        h1_0.title,
        h1_0.updated_at 
    from
        huddle h1_0 
    where
        h1_0.id=?
Hibernate: 
    select
        u1_0.id,
        u1_0.account_type,
        u1_0.created_at,
        u1_0.email,
        u1_0.karma_score,
        u1_0.last_marketing_post_at,
        u1_0.marketing_category,
        u1_0.password_hash,
        u1_0.phone,
        u1_0.status,
        u1_0.updated_at 
    from
        users u1_0 
    where
        u1_0.id=?
Hibernate: 
    select
        up1_0.user_id,
        up1_0.alias,
        up1_0.avatar_url_alias,
        up1_0.avatar_url_real,
        up1_0.bio,
        up1_0.created_at,
        up1_0.default_radius_km,
        up1_0.dob,
        up1_0.home_geohash,
        up1_0.home_lat,
        up1_0.home_lon,
        up1_0.last_seen_at,
        up1_0.last_seen_lat,
        up1_0.last_seen_lon,
        up1_0.real_name,
        up1_0.trust_level,
        up1_0.trust_score,
        up1_0.updated_at,
        u1_0.id,
        u1_0.account_type,
        u1_0.created_at,
        u1_0.email,
        u1_0.karma_score,
        u1_0.last_marketing_post_at,
        u1_0.marketing_category,
        u1_0.password_hash,
        u1_0.phone,
        u1_0.status,
        u1_0.updated_at 
    from
        user_profile up1_0 
    join
        users u1_0 
            on u1_0.id=up1_0.user_id 
    where
        up1_0.user_id=?
Hibernate: 
    select
        u1_0.id,
        u1_0.account_type,
        u1_0.created_at,
        u1_0.email,
        u1_0.karma_score,
        u1_0.last_marketing_post_at,
        u1_0.marketing_category,
        u1_0.password_hash,
        u1_0.phone,
        u1_0.status,
        u1_0.updated_at 
    from
        users u1_0 
    where
        u1_0.id=?
Hibernate: 
    select
        up1_0.user_id,
        up1_0.alias,
        up1_0.avatar_url_alias,
        up1_0.avatar_url_real,
        up1_0.bio,
        up1_0.created_at,
        up1_0.default_radius_km,
        up1_0.dob,
        up1_0.home_geohash,
        up1_0.home_lat,
        up1_0.home_lon,
        up1_0.last_seen_at,
        up1_0.last_seen_lat,
        up1_0.last_seen_lon,
        up1_0.real_name,
        up1_0.trust_level,
        up1_0.trust_score,
        up1_0.updated_at,
        u1_0.id,
        u1_0.account_type,
        u1_0.created_at,
        u1_0.email,
        u1_0.karma_score,
        u1_0.last_marketing_post_at,
        u1_0.marketing_category,
        u1_0.password_hash,
        u1_0.phone,
        u1_0.status,
        u1_0.updated_at 
    from
        user_profile up1_0 
    join
        users u1_0 
            on u1_0.id=up1_0.user_id 
    where
        up1_0.user_id=?
Hibernate: 
    insert 
    into
        vibe_checks
        (created_at, huddle_id, reviewee_id, reviewer_id, vibe_rating, vibe_tags, id) 
    values
        (?, ?, ?, ?, ?, ?, ?)
Hibernate: 
    select
        u1_0.id,
        u1_0.account_type,
        u1_0.created_at,
        u1_0.email,
        u1_0.karma_score,
        u1_0.last_marketing_post_at,
        u1_0.marketing_category,
        u1_0.password_hash,
        u1_0.phone,
        u1_0.status,
        u1_0.updated_at 
    from
        users u1_0 
    where
        u1_0.id=?
Hibernate: 
    select
        up1_0.user_id,
        up1_0.alias,
        up1_0.avatar_url_alias,
        up1_0.avatar_url_real,
        up1_0.bio,
        up1_0.created_at,
        up1_0.default_radius_km,
        up1_0.dob,
        up1_0.home_geohash,
        up1_0.home_lat,
        up1_0.home_lon,
        up1_0.last_seen_at,
        up1_0.last_seen_lat,
        up1_0.last_seen_lon,
        up1_0.real_name,
        up1_0.trust_level,
        up1_0.trust_score,
        up1_0.updated_at,
        u1_0.id,
        u1_0.account_type,
        u1_0.created_at,
        u1_0.email,
        u1_0.karma_score,
        u1_0.last_marketing_post_at,
        u1_0.marketing_category,
        u1_0.password_hash,
        u1_0.phone,
        u1_0.status,
        u1_0.updated_at 
    from
        user_profile up1_0 
    join
        users u1_0 
            on u1_0.id=up1_0.user_id 
    where
        up1_0.user_id=?
Hibernate: 
    select
        h1_0.id,
        h1_0.created_at,
        h1_0.creator_id,
        h1_0.deleted_at,
        h1_0.description,
        h1_0.end_time,
        h1_0.gender_filter,
        h1_0.geohash,
        h1_0.lat,
        h1_0.location_name,
        h1_0.lon,
        h1_0.max_participants,
        h1_0.start_time,
        h1_0.status,
        h1_0.title,
        h1_0.updated_at 
    from
        huddle h1_0 
    where
        h1_0.id=?
2026-02-08T12:43:45.271+05:30  INFO 14478 --- [GullyGram] [           main] c.g.backend.service.KarmaService         : Processing karma for completed huddle: 3de45443-b4e0-4842-b871-0bd41c6db588
Hibernate: 
    update
        huddle 
    set
        creator_id=?,
        deleted_at=?,
        description=?,
        end_time=?,
        gender_filter=?,
        geohash=?,
        lat=?,
        location_name=?,
        lon=?,
        max_participants=?,
        start_time=?,
        status=?,
        title=?,
        updated_at=? 
    where
        id=?
Hibernate: 
    select
        vc1_0.id,
        vc1_0.created_at,
        vc1_0.huddle_id,
        vc1_0.reviewee_id,
        vc1_0.reviewer_id,
        vc1_0.vibe_rating,
        vc1_0.vibe_tags 
    from
        vibe_checks vc1_0 
    left join
        huddle h1_0 
            on h1_0.id=vc1_0.huddle_id 
    where
        h1_0.id=?
Hibernate: 
    select
        u1_0.id,
        u1_0.account_type,
        u1_0.created_at,
        u1_0.email,
        u1_0.karma_score,
        u1_0.last_marketing_post_at,
        u1_0.marketing_category,
        u1_0.password_hash,
        u1_0.phone,
        u1_0.status,
        u1_0.updated_at 
    from
        users u1_0 
    where
        u1_0.id=?
Hibernate: 
    select
        up1_0.user_id,
        up1_0.alias,
        up1_0.avatar_url_alias,
        up1_0.avatar_url_real,
        up1_0.bio,
        up1_0.created_at,
        up1_0.default_radius_km,
        up1_0.dob,
        up1_0.home_geohash,
        up1_0.home_lat,
        up1_0.home_lon,
        up1_0.last_seen_at,
        up1_0.last_seen_lat,
        up1_0.last_seen_lon,
        up1_0.real_name,
        up1_0.trust_level,
        up1_0.trust_score,
        up1_0.updated_at,
        u1_0.id,
        u1_0.account_type,
        u1_0.created_at,
        u1_0.email,
        u1_0.karma_score,
        u1_0.last_marketing_post_at,
        u1_0.marketing_category,
        u1_0.password_hash,
        u1_0.phone,
        u1_0.status,
        u1_0.updated_at 
    from
        user_profile up1_0 
    join
        users u1_0 
            on u1_0.id=up1_0.user_id 
    where
        up1_0.user_id=?
Hibernate: 
    insert 
    into
        karma_transactions
        (amount, created_at, source_id, source_type, user_id, id) 
    values
        (?, ?, ?, ?, ?, ?)
Hibernate: 
    update
        users 
    set
        account_type=?,
        email=?,
        karma_score=?,
        last_marketing_post_at=?,
        marketing_category=?,
        password_hash=?,
        phone=?,
        status=?,
        updated_at=? 
    where
        id=?
Hibernate: 
    update
        users 
    set
        karma_score=? 
    where
        id=?
2026-02-08T12:43:45.286+05:30  INFO 14478 --- [GullyGram] [           main] c.g.backend.service.KarmaService         : Awarded 5 karma to user d93c66f2-6dc9-404a-9c84-d11d98d85caf for VIBE_CHECK. New Score: 105
Hibernate: 
    select
        h1_0.id,
        h1_0.created_at,
        h1_0.creator_id,
        h1_0.deleted_at,
        h1_0.description,
        h1_0.end_time,
        h1_0.gender_filter,
        h1_0.geohash,
        h1_0.lat,
        h1_0.location_name,
        h1_0.lon,
        h1_0.max_participants,
        h1_0.start_time,
        h1_0.status,
        h1_0.title,
        h1_0.updated_at 
    from
        huddle h1_0 
    where
        h1_0.id=?
Hibernate: 
    select
        u1_0.id,
        u1_0.account_type,
        u1_0.created_at,
        u1_0.email,
        u1_0.karma_score,
        u1_0.last_marketing_post_at,
        u1_0.marketing_category,
        u1_0.password_hash,
        u1_0.phone,
        u1_0.status,
        u1_0.updated_at 
    from
        users u1_0 
    where
        u1_0.id=?
Hibernate: 
    select
        up1_0.user_id,
        up1_0.alias,
        up1_0.avatar_url_alias,
        up1_0.avatar_url_real,
        up1_0.bio,
        up1_0.created_at,
        up1_0.default_radius_km,
        up1_0.dob,
        up1_0.home_geohash,
        up1_0.home_lat,
        up1_0.home_lon,
        up1_0.last_seen_at,
        up1_0.last_seen_lat,
        up1_0.last_seen_lon,
        up1_0.real_name,
        up1_0.trust_level,
        up1_0.trust_score,
        up1_0.updated_at,
        u1_0.id,
        u1_0.account_type,
        u1_0.created_at,
        u1_0.email,
        u1_0.karma_score,
        u1_0.last_marketing_post_at,
        u1_0.marketing_category,
        u1_0.password_hash,
        u1_0.phone,
        u1_0.status,
        u1_0.updated_at 
    from
        user_profile up1_0 
    join
        users u1_0 
            on u1_0.id=up1_0.user_id 
    where
        up1_0.user_id=?
Hibernate: 
    select
        kt1_0.id,
        kt1_0.amount,
        kt1_0.created_at,
        kt1_0.source_id,
        kt1_0.source_type,
        kt1_0.user_id 
    from
        karma_transactions kt1_0
Hibernate: 
    select
        vc1_0.id,
        vc1_0.created_at,
        vc1_0.huddle_id,
        vc1_0.reviewee_id,
        vc1_0.reviewer_id,
        vc1_0.vibe_rating,
        vc1_0.vibe_tags 
    from
        vibe_checks vc1_0
Hibernate: 
    delete 
    from
        vibe_checks 
    where
        id=?
Hibernate: 
    select
        kt1_0.id,
        kt1_0.amount,
        kt1_0.created_at,
        kt1_0.source_id,
        kt1_0.source_type,
        kt1_0.user_id 
    from
        karma_transactions kt1_0
Hibernate: 
    delete 
    from
        karma_transactions 
    where
        id=?
Hibernate: 
    select
        h1_0.id,
        h1_0.created_at,
        h1_0.creator_id,
        h1_0.deleted_at,
        h1_0.description,
        h1_0.end_time,
        h1_0.gender_filter,
        h1_0.geohash,
        h1_0.lat,
        h1_0.location_name,
        h1_0.lon,
        h1_0.max_participants,
        h1_0.start_time,
        h1_0.status,
        h1_0.title,
        h1_0.updated_at 
    from
        huddle h1_0
Hibernate: 
    select
        p1_0.huddle_id,
        p1_0.id,
        p1_0.joined_at,
        p1_0.status,
        p1_0.user_id 
    from
        huddle_participant p1_0 
    where
        p1_0.huddle_id=?
Hibernate: 
    select
        u1_0.id,
        u1_0.account_type,
        u1_0.created_at,
        u1_0.email,
        u1_0.karma_score,
        u1_0.last_marketing_post_at,
        u1_0.marketing_category,
        u1_0.password_hash,
        u1_0.phone,
        u1_0.status,
        u1_0.updated_at 
    from
        users u1_0 
    where
        u1_0.id=?
Hibernate: 
    select
        up1_0.user_id,
        up1_0.alias,
        up1_0.avatar_url_alias,
        up1_0.avatar_url_real,
        up1_0.bio,
        up1_0.created_at,
        up1_0.default_radius_km,
        up1_0.dob,
        up1_0.home_geohash,
        up1_0.home_lat,
        up1_0.home_lon,
        up1_0.last_seen_at,
        up1_0.last_seen_lat,
        up1_0.last_seen_lon,
        up1_0.real_name,
        up1_0.trust_level,
        up1_0.trust_score,
        up1_0.updated_at,
        u1_0.id,
        u1_0.account_type,
        u1_0.created_at,
        u1_0.email,
        u1_0.karma_score,
        u1_0.last_marketing_post_at,
        u1_0.marketing_category,
        u1_0.password_hash,
        u1_0.phone,
        u1_0.status,
        u1_0.updated_at 
    from
        user_profile up1_0 
    join
        users u1_0 
            on u1_0.id=up1_0.user_id 
    where
        up1_0.user_id=?
Hibernate: 
    select
        u1_0.id,
        u1_0.account_type,
        u1_0.created_at,
        u1_0.email,
        u1_0.karma_score,
        u1_0.last_marketing_post_at,
        u1_0.marketing_category,
        u1_0.password_hash,
        u1_0.phone,
        u1_0.status,
        u1_0.updated_at 
    from
        users u1_0 
    where
        u1_0.id=?
Hibernate: 
    select
        up1_0.user_id,
        up1_0.alias,
        up1_0.avatar_url_alias,
        up1_0.avatar_url_real,
        up1_0.bio,
        up1_0.created_at,
        up1_0.default_radius_km,
        up1_0.dob,
        up1_0.home_geohash,
        up1_0.home_lat,
        up1_0.home_lon,
        up1_0.last_seen_at,
        up1_0.last_seen_lat,
        up1_0.last_seen_lon,
        up1_0.real_name,
        up1_0.trust_level,
        up1_0.trust_score,
        up1_0.updated_at,
        u1_0.id,
        u1_0.account_type,
        u1_0.created_at,
        u1_0.email,
        u1_0.karma_score,
        u1_0.last_marketing_post_at,
        u1_0.marketing_category,
        u1_0.password_hash,
        u1_0.phone,
        u1_0.status,
        u1_0.updated_at 
    from
        user_profile up1_0 
    join
        users u1_0 
            on u1_0.id=up1_0.user_id 
    where
        up1_0.user_id=?
Hibernate: 
    delete 
    from
        huddle_participant 
    where
        id=?
Hibernate: 
    delete 
    from
        huddle_participant 
    where
        id=?
Hibernate: 
    delete 
    from
        huddle 
    where
        id=?
Hibernate: 
    select
        u1_0.id,
        u1_0.account_type,
        u1_0.created_at,
        u1_0.email,
        u1_0.karma_score,
        u1_0.last_marketing_post_at,
        u1_0.marketing_category,
        u1_0.password_hash,
        u1_0.phone,
        u1_0.status,
        u1_0.updated_at 
    from
        users u1_0
Hibernate: 
    select
        up1_0.user_id,
        up1_0.alias,
        up1_0.avatar_url_alias,
        up1_0.avatar_url_real,
        up1_0.bio,
        up1_0.created_at,
        up1_0.default_radius_km,
        up1_0.dob,
        up1_0.home_geohash,
        up1_0.home_lat,
        up1_0.home_lon,
        up1_0.last_seen_at,
        up1_0.last_seen_lat,
        up1_0.last_seen_lon,
        up1_0.real_name,
        up1_0.trust_level,
        up1_0.trust_score,
        up1_0.updated_at,
        u1_0.id,
        u1_0.account_type,
        u1_0.created_at,
        u1_0.email,
        u1_0.karma_score,
        u1_0.last_marketing_post_at,
        u1_0.marketing_category,
        u1_0.password_hash,
        u1_0.phone,
        u1_0.status,
        u1_0.updated_at 
    from
        user_profile up1_0 
    join
        users u1_0 
            on u1_0.id=up1_0.user_id 
    where
        up1_0.user_id=?
Hibernate: 
    select
        up1_0.user_id,
        up1_0.alias,
        up1_0.avatar_url_alias,
        up1_0.avatar_url_real,
        up1_0.bio,
        up1_0.created_at,
        up1_0.default_radius_km,
        up1_0.dob,
        up1_0.home_geohash,
        up1_0.home_lat,
        up1_0.home_lon,
        up1_0.last_seen_at,
        up1_0.last_seen_lat,
        up1_0.last_seen_lon,
        up1_0.real_name,
        up1_0.trust_level,
        up1_0.trust_score,
        up1_0.updated_at,
        u1_0.id,
        u1_0.account_type,
        u1_0.created_at,
        u1_0.email,
        u1_0.karma_score,
        u1_0.last_marketing_post_at,
        u1_0.marketing_category,
        u1_0.password_hash,
        u1_0.phone,
        u1_0.status,
        u1_0.updated_at 
    from
        user_profile up1_0 
    join
        users u1_0 
            on u1_0.id=up1_0.user_id 
    where
        up1_0.user_id=?
Hibernate: 
    delete 
    from
        users 
    where
        id=?
Hibernate: 
    delete 
    from
        users 
    where
        id=?
Hibernate: 
    insert 
    into
        users
        (account_type, created_at, email, karma_score, last_marketing_post_at, marketing_category, password_hash, phone, status, updated_at, id) 
    values
        (?, ?, ?, ?, ?, ?, ?, ?, ?, ?, ?)
Hibernate: 
    insert 
    into
        users
        (account_type, created_at, email, karma_score, last_marketing_post_at, marketing_category, password_hash, phone, status, updated_at, id) 
    values
        (?, ?, ?, ?, ?, ?, ?, ?, ?, ?, ?)
Hibernate: 
    select
        u1_0.id,
        u1_0.account_type,
        u1_0.created_at,
        u1_0.email,
        u1_0.karma_score,
        u1_0.last_marketing_post_at,
        u1_0.marketing_category,
        u1_0.password_hash,
        u1_0.phone,
        u1_0.status,
        u1_0.updated_at 
    from
        users u1_0 
    where
        u1_0.id=?
Hibernate: 
    select
        up1_0.user_id,
        up1_0.alias,
        up1_0.avatar_url_alias,
        up1_0.avatar_url_real,
        up1_0.bio,
        up1_0.created_at,
        up1_0.default_radius_km,
        up1_0.dob,
        up1_0.home_geohash,
        up1_0.home_lat,
        up1_0.home_lon,
        up1_0.last_seen_at,
        up1_0.last_seen_lat,
        up1_0.last_seen_lon,
        up1_0.real_name,
        up1_0.trust_level,
        up1_0.trust_score,
        up1_0.updated_at,
        u1_0.id,
        u1_0.account_type,
        u1_0.created_at,
        u1_0.email,
        u1_0.karma_score,
        u1_0.last_marketing_post_at,
        u1_0.marketing_category,
        u1_0.password_hash,
        u1_0.phone,
        u1_0.status,
        u1_0.updated_at 
    from
        user_profile up1_0 
    join
        users u1_0 
            on u1_0.id=up1_0.user_id 
    where
        up1_0.user_id=?
Hibernate: 
    insert 
    into
        huddle
        (created_at, creator_id, deleted_at, description, end_time, gender_filter, geohash, lat, location_name, lon, max_participants, start_time, status, title, updated_at, id) 
    values
        (?, ?, ?, ?, ?, ?, ?, ?, ?, ?, ?, ?, ?, ?, ?, ?)
Hibernate: 
    select
        count(hp1_0.id) 
    from
        huddle_participant hp1_0 
    left join
        huddle h1_0 
            on h1_0.id=hp1_0.huddle_id 
    where
        h1_0.id=? 
        and hp1_0.status=?
Hibernate: 
    select
        hp1_0.id,
        hp1_0.huddle_id,
        hp1_0.joined_at,
        hp1_0.status,
        hp1_0.user_id 
    from
        huddle_participant hp1_0 
    left join
        huddle h1_0 
            on h1_0.id=hp1_0.huddle_id 
    left join
        users u1_0 
            on u1_0.id=hp1_0.user_id 
    where
        h1_0.id=? 
        and u1_0.id=?
Hibernate: 
    insert 
    into
        huddle_participant
        (huddle_id, joined_at, status, user_id, id) 
    values
        (?, ?, ?, ?, ?)
Hibernate: 
    select
        count(hp1_0.id) 
    from
        huddle_participant hp1_0 
    left join
        huddle h1_0 
            on h1_0.id=hp1_0.huddle_id 
    where
        h1_0.id=? 
        and hp1_0.status=?
Hibernate: 
    select
        hp1_0.id 
    from
        huddle_participant hp1_0 
    left join
        huddle h1_0 
            on h1_0.id=hp1_0.huddle_id 
    left join
        users u1_0 
            on u1_0.id=hp1_0.user_id 
    where
        h1_0.id=? 
        and u1_0.id=? 
        and hp1_0.status=? 
    fetch
        first ? rows only
Hibernate: 
    select
        h1_0.id,
        h1_0.created_at,
        h1_0.creator_id,
        h1_0.deleted_at,
        h1_0.description,
        h1_0.end_time,
        h1_0.gender_filter,
        h1_0.geohash,
        h1_0.lat,
        h1_0.location_name,
        h1_0.lon,
        h1_0.max_participants,
        h1_0.start_time,
        h1_0.status,
        h1_0.title,
        h1_0.updated_at 
    from
        huddle h1_0 
    where
        h1_0.id=?
Hibernate: 
    select
        h1_0.id,
        h1_0.created_at,
        h1_0.creator_id,
        h1_0.deleted_at,
        h1_0.description,
        h1_0.end_time,
        h1_0.gender_filter,
        h1_0.geohash,
        h1_0.lat,
        h1_0.location_name,
        h1_0.lon,
        h1_0.max_participants,
        h1_0.start_time,
        h1_0.status,
        h1_0.title,
        h1_0.updated_at 
    from
        huddle h1_0 
    where
        h1_0.id=?
Hibernate: 
    select
        count(hp1_0.id) 
    from
        huddle_participant hp1_0 
    left join
        huddle h1_0 
            on h1_0.id=hp1_0.huddle_id 
    where
        h1_0.id=? 
        and hp1_0.status=?
Hibernate: 
    select
        u1_0.id,
        u1_0.account_type,
        u1_0.created_at,
        u1_0.email,
        u1_0.karma_score,
        u1_0.last_marketing_post_at,
        u1_0.marketing_category,
        u1_0.password_hash,
        u1_0.phone,
        u1_0.status,
        u1_0.updated_at 
    from
        users u1_0 
    where
        u1_0.id=?
Hibernate: 
    select
        up1_0.user_id,
        up1_0.alias,
        up1_0.avatar_url_alias,
        up1_0.avatar_url_real,
        up1_0.bio,
        up1_0.created_at,
        up1_0.default_radius_km,
        up1_0.dob,
        up1_0.home_geohash,
        up1_0.home_lat,
        up1_0.home_lon,
        up1_0.last_seen_at,
        up1_0.last_seen_lat,
        up1_0.last_seen_lon,
        up1_0.real_name,
        up1_0.trust_level,
        up1_0.trust_score,
        up1_0.updated_at,
        u1_0.id,
        u1_0.account_type,
        u1_0.created_at,
        u1_0.email,
        u1_0.karma_score,
        u1_0.last_marketing_post_at,
        u1_0.marketing_category,
        u1_0.password_hash,
        u1_0.phone,
        u1_0.status,
        u1_0.updated_at 
    from
        user_profile up1_0 
    join
        users u1_0 
            on u1_0.id=up1_0.user_id 
    where
        up1_0.user_id=?
Hibernate: 
    select
        hp1_0.id,
        hp1_0.huddle_id,
        hp1_0.joined_at,
        hp1_0.status,
        hp1_0.user_id 
    from
        huddle_participant hp1_0 
    left join
        huddle h1_0 
            on h1_0.id=hp1_0.huddle_id 
    left join
        users u1_0 
            on u1_0.id=hp1_0.user_id 
    where
        h1_0.id=? 
        and u1_0.id=?
Hibernate: 
    insert 
    into
        huddle_participant
        (huddle_id, joined_at, status, user_id, id) 
    values
        (?, ?, ?, ?, ?)
Hibernate: 
    select
        hp1_0.id 
    from
        huddle_participant hp1_0 
    left join
        huddle h1_0 
            on h1_0.id=hp1_0.huddle_id 
    left join
        users u1_0 
            on u1_0.id=hp1_0.user_id 
    where
        h1_0.id=? 
        and u1_0.id=? 
        and hp1_0.status=? 
    fetch
        first ? rows only
Hibernate: 
    select
        hp1_0.id 
    from
        huddle_participant hp1_0 
    left join
        huddle h1_0 
            on h1_0.id=hp1_0.huddle_id 
    left join
        users u1_0 
            on u1_0.id=hp1_0.user_id 
    where
        h1_0.id=? 
        and u1_0.id=? 
        and hp1_0.status=? 
    fetch
        first ? rows only
Hibernate: 
    select
        vc1_0.id 
    from
        vibe_checks vc1_0 
    left join
        users r1_0 
            on r1_0.id=vc1_0.reviewer_id 
    left join
        users r2_0 
            on r2_0.id=vc1_0.reviewee_id 
    left join
        huddle h1_0 
            on h1_0.id=vc1_0.huddle_id 
    where
        r1_0.id=? 
        and r2_0.id=? 
        and h1_0.id=? 
    fetch
        first ? rows only
Hibernate: 
    select
        h1_0.id,
        h1_0.created_at,
        h1_0.creator_id,
        h1_0.deleted_at,
        h1_0.description,
        h1_0.end_time,
        h1_0.gender_filter,
        h1_0.geohash,
        h1_0.lat,
        h1_0.location_name,
        h1_0.lon,
        h1_0.max_participants,
        h1_0.start_time,
        h1_0.status,
        h1_0.title,
        h1_0.updated_at 
    from
        huddle h1_0 
    where
        h1_0.id=?
Hibernate: 
    select
        u1_0.id,
        u1_0.account_type,
        u1_0.created_at,
        u1_0.email,
        u1_0.karma_score,
        u1_0.last_marketing_post_at,
        u1_0.marketing_category,
        u1_0.password_hash,
        u1_0.phone,
        u1_0.status,
        u1_0.updated_at 
    from
        users u1_0 
    where
        u1_0.id=?
Hibernate: 
    select
        up1_0.user_id,
        up1_0.alias,
        up1_0.avatar_url_alias,
        up1_0.avatar_url_real,
        up1_0.bio,
        up1_0.created_at,
        up1_0.default_radius_km,
        up1_0.dob,
        up1_0.home_geohash,
        up1_0.home_lat,
        up1_0.home_lon,
        up1_0.last_seen_at,
        up1_0.last_seen_lat,
        up1_0.last_seen_lon,
        up1_0.real_name,
        up1_0.trust_level,
        up1_0.trust_score,
        up1_0.updated_at,
        u1_0.id,
        u1_0.account_type,
        u1_0.created_at,
        u1_0.email,
        u1_0.karma_score,
        u1_0.last_marketing_post_at,
        u1_0.marketing_category,
        u1_0.password_hash,
        u1_0.phone,
        u1_0.status,
        u1_0.updated_at 
    from
        user_profile up1_0 
    join
        users u1_0 
            on u1_0.id=up1_0.user_id 
    where
        up1_0.user_id=?
Hibernate: 
    select
        u1_0.id,
        u1_0.account_type,
        u1_0.created_at,
        u1_0.email,
        u1_0.karma_score,
        u1_0.last_marketing_post_at,
        u1_0.marketing_category,
        u1_0.password_hash,
        u1_0.phone,
        u1_0.status,
        u1_0.updated_at 
    from
        users u1_0 
    where
        u1_0.id=?
Hibernate: 
    select
        up1_0.user_id,
        up1_0.alias,
        up1_0.avatar_url_alias,
        up1_0.avatar_url_real,
        up1_0.bio,
        up1_0.created_at,
        up1_0.default_radius_km,
        up1_0.dob,
        up1_0.home_geohash,
        up1_0.home_lat,
        up1_0.home_lon,
        up1_0.last_seen_at,
        up1_0.last_seen_lat,
        up1_0.last_seen_lon,
        up1_0.real_name,
        up1_0.trust_level,
        up1_0.trust_score,
        up1_0.updated_at,
        u1_0.id,
        u1_0.account_type,
        u1_0.created_at,
        u1_0.email,
        u1_0.karma_score,
        u1_0.last_marketing_post_at,
        u1_0.marketing_category,
        u1_0.password_hash,
        u1_0.phone,
        u1_0.status,
        u1_0.updated_at 
    from
        user_profile up1_0 
    join
        users u1_0 
            on u1_0.id=up1_0.user_id 
    where
        up1_0.user_id=?
Hibernate: 
    insert 
    into
        vibe_checks
        (created_at, huddle_id, reviewee_id, reviewer_id, vibe_rating, vibe_tags, id) 
    values
        (?, ?, ?, ?, ?, ?, ?)
Hibernate: 
    select
        h1_0.id,
        h1_0.created_at,
        h1_0.creator_id,
        h1_0.deleted_at,
        h1_0.description,
        h1_0.end_time,
        h1_0.gender_filter,
        h1_0.geohash,
        h1_0.lat,
        h1_0.location_name,
        h1_0.lon,
        h1_0.max_participants,
        h1_0.start_time,
        h1_0.status,
        h1_0.title,
        h1_0.updated_at 
    from
        huddle h1_0 
    where
        h1_0.id=?
2026-02-08T12:43:45.335+05:30  INFO 14478 --- [GullyGram] [           main] c.g.backend.service.KarmaService         : Processing karma for completed huddle: 0a2ed0ec-b242-4e4b-b83b-5fd6193f19f7
Hibernate: 
    update
        huddle 
    set
        creator_id=?,
        deleted_at=?,
        description=?,
        end_time=?,
        gender_filter=?,
        geohash=?,
        lat=?,
        location_name=?,
        lon=?,
        max_participants=?,
        start_time=?,
        status=?,
        title=?,
        updated_at=? 
    where
        id=?
Hibernate: 
    select
        vc1_0.id,
        vc1_0.created_at,
        vc1_0.huddle_id,
        vc1_0.reviewee_id,
        vc1_0.reviewer_id,
        vc1_0.vibe_rating,
        vc1_0.vibe_tags 
    from
        vibe_checks vc1_0 
    left join
        huddle h1_0 
            on h1_0.id=vc1_0.huddle_id 
    where
        h1_0.id=?
Hibernate: 
    select
        u1_0.id,
        u1_0.account_type,
        u1_0.created_at,
        u1_0.email,
        u1_0.karma_score,
        u1_0.last_marketing_post_at,
        u1_0.marketing_category,
        u1_0.password_hash,
        u1_0.phone,
        u1_0.status,
        u1_0.updated_at 
    from
        users u1_0 
    where
        u1_0.id=?
Hibernate: 
    select
        up1_0.user_id,
        up1_0.alias,
        up1_0.avatar_url_alias,
        up1_0.avatar_url_real,
        up1_0.bio,
        up1_0.created_at,
        up1_0.default_radius_km,
        up1_0.dob,
        up1_0.home_geohash,
        up1_0.home_lat,
        up1_0.home_lon,
        up1_0.last_seen_at,
        up1_0.last_seen_lat,
        up1_0.last_seen_lon,
        up1_0.real_name,
        up1_0.trust_level,
        up1_0.trust_score,
        up1_0.updated_at,
        u1_0.id,
        u1_0.account_type,
        u1_0.created_at,
        u1_0.email,
        u1_0.karma_score,
        u1_0.last_marketing_post_at,
        u1_0.marketing_category,
        u1_0.password_hash,
        u1_0.phone,
        u1_0.status,
        u1_0.updated_at 
    from
        user_profile up1_0 
    join
        users u1_0 
            on u1_0.id=up1_0.user_id 
    where
        up1_0.user_id=?
Hibernate: 
    insert 
    into
        karma_transactions
        (amount, created_at, source_id, source_type, user_id, id) 
    values
        (?, ?, ?, ?, ?, ?)
Hibernate: 
    update
        users 
    set
        account_type=?,
        email=?,
        karma_score=?,
        last_marketing_post_at=?,
        marketing_category=?,
        password_hash=?,
        phone=?,
        status=?,
        updated_at=? 
    where
        id=?
Hibernate: 
    update
        users 
    set
        karma_score=? 
    where
        id=?
2026-02-08T12:43:45.340+05:30  INFO 14478 --- [GullyGram] [           main] c.g.backend.service.KarmaService         : Awarded -10 karma to user 6274ab1a-56bb-48f1-856a-031df835b89a for VIBE_CHECK. New Score: 90
Hibernate: 
    select
        u1_0.id,
        u1_0.account_type,
        u1_0.created_at,
        u1_0.email,
        u1_0.karma_score,
        u1_0.last_marketing_post_at,
        u1_0.marketing_category,
        u1_0.password_hash,
        u1_0.phone,
        u1_0.status,
        u1_0.updated_at 
    from
        users u1_0 
    where
        u1_0.id=?
Hibernate: 
    select
        up1_0.user_id,
        up1_0.alias,
        up1_0.avatar_url_alias,
        up1_0.avatar_url_real,
        up1_0.bio,
        up1_0.created_at,
        up1_0.default_radius_km,
        up1_0.dob,
        up1_0.home_geohash,
        up1_0.home_lat,
        up1_0.home_lon,
        up1_0.last_seen_at,
        up1_0.last_seen_lat,
        up1_0.last_seen_lon,
        up1_0.real_name,
        up1_0.trust_level,
        up1_0.trust_score,
        up1_0.updated_at,
        u1_0.id,
        u1_0.account_type,
        u1_0.created_at,
        u1_0.email,
        u1_0.karma_score,
        u1_0.last_marketing_post_at,
        u1_0.marketing_category,
        u1_0.password_hash,
        u1_0.phone,
        u1_0.status,
        u1_0.updated_at 
    from
        user_profile up1_0 
    join
        users u1_0 
            on u1_0.id=up1_0.user_id 
    where
        up1_0.user_id=?
[INFO] Tests run: 2, Failures: 0, Errors: 0, Skipped: 0, Time elapsed: 3.452 s -- in com.gullygram.backend.integration.KarmaIntegrationTest
[INFO] 
[INFO] Results:
[INFO] 
[INFO] Tests run: 2, Failures: 0, Errors: 0, Skipped: 0
[INFO] 
[INFO] ------------------------------------------------------------------------
[INFO] BUILD SUCCESS
[INFO] ------------------------------------------------------------------------
[INFO] Total time:  4.287 s
[INFO] Finished at: 2026-02-08T12:43:45+05:30
[INFO] ------------------------------------------------------------------------
